Archive member included to satisfy reference by file (symbol)

C:/ST/STM32CubeIDE_1.18.0/STM32CubeIDE/plugins/com.st.stm32cube.ide.mcu.externaltools.gnu-tools-for-stm32.13.3.rel1.win32_1.0.0.202411081344/tools/bin/../lib/gcc/arm-none-eabi/13.3.1/../../../../arm-none-eabi/lib/thumb/v7e-m+fp/hard\libc_nano.a(libc_a-exit.o)
                              C:/ST/STM32CubeIDE_1.18.0/STM32CubeIDE/plugins/com.st.stm32cube.ide.mcu.externaltools.gnu-tools-for-stm32.13.3.rel1.win32_1.0.0.202411081344/tools/bin/../lib/gcc/arm-none-eabi/13.3.1/../../../../arm-none-eabi/lib/thumb/v7e-m+fp/hard/crt0.o (exit)
C:/ST/STM32CubeIDE_1.18.0/STM32CubeIDE/plugins/com.st.stm32cube.ide.mcu.externaltools.gnu-tools-for-stm32.13.3.rel1.win32_1.0.0.202411081344/tools/bin/../lib/gcc/arm-none-eabi/13.3.1/../../../../arm-none-eabi/lib/thumb/v7e-m+fp/hard\libc_nano.a(libc_a-findfp.o)
                              C:/ST/STM32CubeIDE_1.18.0/STM32CubeIDE/plugins/com.st.stm32cube.ide.mcu.externaltools.gnu-tools-for-stm32.13.3.rel1.win32_1.0.0.202411081344/tools/bin/../lib/gcc/arm-none-eabi/13.3.1/../../../../arm-none-eabi/lib/thumb/v7e-m+fp/hard\libc_nano.a(libc_a-exit.o) (__stdio_exit_handler)
C:/ST/STM32CubeIDE_1.18.0/STM32CubeIDE/plugins/com.st.stm32cube.ide.mcu.externaltools.gnu-tools-for-stm32.13.3.rel1.win32_1.0.0.202411081344/tools/bin/../lib/gcc/arm-none-eabi/13.3.1/../../../../arm-none-eabi/lib/thumb/v7e-m+fp/hard\libc_nano.a(libc_a-fwalk.o)
                              C:/ST/STM32CubeIDE_1.18.0/STM32CubeIDE/plugins/com.st.stm32cube.ide.mcu.externaltools.gnu-tools-for-stm32.13.3.rel1.win32_1.0.0.202411081344/tools/bin/../lib/gcc/arm-none-eabi/13.3.1/../../../../arm-none-eabi/lib/thumb/v7e-m+fp/hard\libc_nano.a(libc_a-findfp.o) (_fwalk_sglue)
C:/ST/STM32CubeIDE_1.18.0/STM32CubeIDE/plugins/com.st.stm32cube.ide.mcu.externaltools.gnu-tools-for-stm32.13.3.rel1.win32_1.0.0.202411081344/tools/bin/../lib/gcc/arm-none-eabi/13.3.1/../../../../arm-none-eabi/lib/thumb/v7e-m+fp/hard\libc_nano.a(libc_a-sprintf.o)
                              ./App/App/app.o (sprintf)
C:/ST/STM32CubeIDE_1.18.0/STM32CubeIDE/plugins/com.st.stm32cube.ide.mcu.externaltools.gnu-tools-for-stm32.13.3.rel1.win32_1.0.0.202411081344/tools/bin/../lib/gcc/arm-none-eabi/13.3.1/../../../../arm-none-eabi/lib/thumb/v7e-m+fp/hard\libc_nano.a(libc_a-stdio.o)
                              C:/ST/STM32CubeIDE_1.18.0/STM32CubeIDE/plugins/com.st.stm32cube.ide.mcu.externaltools.gnu-tools-for-stm32.13.3.rel1.win32_1.0.0.202411081344/tools/bin/../lib/gcc/arm-none-eabi/13.3.1/../../../../arm-none-eabi/lib/thumb/v7e-m+fp/hard\libc_nano.a(libc_a-findfp.o) (__sread)
C:/ST/STM32CubeIDE_1.18.0/STM32CubeIDE/plugins/com.st.stm32cube.ide.mcu.externaltools.gnu-tools-for-stm32.13.3.rel1.win32_1.0.0.202411081344/tools/bin/../lib/gcc/arm-none-eabi/13.3.1/../../../../arm-none-eabi/lib/thumb/v7e-m+fp/hard\libc_nano.a(libc_a-memset.o)
                              C:/ST/STM32CubeIDE_1.18.0/STM32CubeIDE/plugins/com.st.stm32cube.ide.mcu.externaltools.gnu-tools-for-stm32.13.3.rel1.win32_1.0.0.202411081344/tools/bin/../lib/gcc/arm-none-eabi/13.3.1/../../../../arm-none-eabi/lib/thumb/v7e-m+fp/hard/crt0.o (memset)
C:/ST/STM32CubeIDE_1.18.0/STM32CubeIDE/plugins/com.st.stm32cube.ide.mcu.externaltools.gnu-tools-for-stm32.13.3.rel1.win32_1.0.0.202411081344/tools/bin/../lib/gcc/arm-none-eabi/13.3.1/../../../../arm-none-eabi/lib/thumb/v7e-m+fp/hard\libc_nano.a(libc_a-closer.o)
                              C:/ST/STM32CubeIDE_1.18.0/STM32CubeIDE/plugins/com.st.stm32cube.ide.mcu.externaltools.gnu-tools-for-stm32.13.3.rel1.win32_1.0.0.202411081344/tools/bin/../lib/gcc/arm-none-eabi/13.3.1/../../../../arm-none-eabi/lib/thumb/v7e-m+fp/hard\libc_nano.a(libc_a-stdio.o) (_close_r)
C:/ST/STM32CubeIDE_1.18.0/STM32CubeIDE/plugins/com.st.stm32cube.ide.mcu.externaltools.gnu-tools-for-stm32.13.3.rel1.win32_1.0.0.202411081344/tools/bin/../lib/gcc/arm-none-eabi/13.3.1/../../../../arm-none-eabi/lib/thumb/v7e-m+fp/hard\libc_nano.a(libc_a-reent.o)
                              C:/ST/STM32CubeIDE_1.18.0/STM32CubeIDE/plugins/com.st.stm32cube.ide.mcu.externaltools.gnu-tools-for-stm32.13.3.rel1.win32_1.0.0.202411081344/tools/bin/../lib/gcc/arm-none-eabi/13.3.1/../../../../arm-none-eabi/lib/thumb/v7e-m+fp/hard\libc_nano.a(libc_a-closer.o) (errno)
C:/ST/STM32CubeIDE_1.18.0/STM32CubeIDE/plugins/com.st.stm32cube.ide.mcu.externaltools.gnu-tools-for-stm32.13.3.rel1.win32_1.0.0.202411081344/tools/bin/../lib/gcc/arm-none-eabi/13.3.1/../../../../arm-none-eabi/lib/thumb/v7e-m+fp/hard\libc_nano.a(libc_a-impure.o)
                              C:/ST/STM32CubeIDE_1.18.0/STM32CubeIDE/plugins/com.st.stm32cube.ide.mcu.externaltools.gnu-tools-for-stm32.13.3.rel1.win32_1.0.0.202411081344/tools/bin/../lib/gcc/arm-none-eabi/13.3.1/../../../../arm-none-eabi/lib/thumb/v7e-m+fp/hard\libc_nano.a(libc_a-sprintf.o) (_impure_ptr)
[...]
Memory Configuration

Name             Origin             Length             Attributes
CCMRAM           0x10000000         0x00010000         xrw
RAM              0x20000000         0x00020000         xrw
FLASH            0x08000000         0x00080000         xr
*default*        0x00000000         0xffffffff

Linker script and memory map

LOAD C:/ST/STM32CubeIDE_1.18.0/STM32CubeIDE/plugins/com.st.stm32cube.ide.mcu.externaltools.gnu-tools-for-stm32.13.3.rel1.win32_1.0.0.202411081344/tools/bin/../lib/gcc/arm-none-eabi/13.3.1/thumb/v7e-m+fp/hard/crti.o
LOAD C:/ST/STM32CubeIDE_1.18.0/STM32CubeIDE/plugins/com.st.stm32cube.ide.mcu.externaltools.gnu-tools-for-stm32.13.3.rel1.win32_1.0.0.202411081344/tools/bin/../lib/gcc/arm-none-eabi/13.3.1/thumb/v7e-m+fp/hard/crtbegin.o
LOAD C:/ST/STM32CubeIDE_1.18.0/STM32CubeIDE/plugins/com.st.stm32cube.ide.mcu.externaltools.gnu-tools-for-stm32.13.3.rel1.win32_1.0.0.202411081344/tools/bin/../lib/gcc/arm-none-eabi/13.3.1/../../../../arm-none-eabi/lib/thumb/v7e-m+fp/hard/crt0.o
LOAD ./App/App/app.o
LOAD ./App/Processing/fft_process.o
LOAD ./App/SETTING/settings.o
LOAD ./Core/Src/main.o
LOAD ./Core/Src/stm32f4xx_hal_msp.o
LOAD ./Core/Src/stm32f4xx_it.o
LOAD ./Core/Src/syscalls.o
LOAD ./Core/Src/sysmem.o
LOAD ./Core/Src/system_stm32f4xx.o
LOAD ./Core/Startup/startup_stm32f407vetx.o
LOAD ./Drivers/ADXL345/adxl345.o
LOAD ./Drivers/BSP/button.o
LOAD ./Drivers/BSP/buzzer.o
LOAD ./Drivers/BSP/graph.o
LOAD ./Drivers/CMSIS_DSP/Source/arm_bitreversal2.o
LOAD ./Drivers/CMSIS_DSP/Source/arm_cfft_f32.o
LOAD ./Drivers/CMSIS_DSP/Source/arm_cfft_init_f32.o
LOAD ./Drivers/CMSIS_DSP/Source/arm_cfft_radix8_f32.o
LOAD ./Drivers/CMSIS_DSP/Source/arm_common_tables.o
LOAD ./Drivers/CMSIS_DSP/Source/arm_const_structs.o
LOAD ./Drivers/CMSIS_DSP/Source/arm_rfft_fast_f32.o
LOAD ./Drivers/CMSIS_DSP/Source/arm_rfft_fast_init_f32.o
LOAD ./Drivers/Flash/w25q16.o
LOAD ./Drivers/Fonts/fonts.o
LOAD ./Drivers/LCD/ili9341.o
LOAD ./Drivers/LCD/lcd.o
LOAD ./Drivers/LCD/lcd_text.o
LOAD ./Drivers/LCD/ui.o
LOAD ./Drivers/STM32F4xx_HAL_Driver/Src/stm32f4xx_hal.o
LOAD ./Drivers/STM32F4xx_HAL_Driver/Src/stm32f4xx_hal_cortex.o
LOAD ./Drivers/STM32F4xx_HAL_Driver/Src/stm32f4xx_hal_dma.o
LOAD ./Drivers/STM32F4xx_HAL_Driver/Src/stm32f4xx_hal_dma_ex.o
LOAD ./Drivers/STM32F4xx_HAL_Driver/Src/stm32f4xx_hal_exti.o
LOAD ./Drivers/STM32F4xx_HAL_Driver/Src/stm32f4xx_hal_flash.o
LOAD ./Drivers/STM32F4xx_HAL_Driver/Src/stm32f4xx_hal_flash_ex.o
LOAD ./Drivers/STM32F4xx_HAL_Driver/Src/stm32f4xx_hal_flash_ramfunc.o
LOAD ./Drivers/STM32F4xx_HAL_Driver/Src/stm32f4xx_hal_gpio.o
LOAD ./Drivers/STM32F4xx_HAL_Driver/Src/stm32f4xx_hal_i2c.o
LOAD ./Drivers/STM32F4xx_HAL_Driver/Src/stm32f4xx_hal_i2c_ex.o
LOAD ./Drivers/STM32F4xx_HAL_Driver/Src/stm32f4xx_hal_nand.o
LOAD ./Drivers/STM32F4xx_HAL_Driver/Src/stm32f4xx_hal_nor.o
LOAD ./Drivers/STM32F4xx_HAL_Driver/Src/stm32f4xx_hal_pccard.o
LOAD ./Drivers/STM32F4xx_HAL_Driver/Src/stm32f4xx_hal_pwr.o
LOAD ./Drivers/STM32F4xx_HAL_Driver/Src/stm32f4xx_hal_pwr_ex.o
LOAD ./Drivers/STM32F4xx_HAL_Driver/Src/stm32f4xx_hal_rcc.o
LOAD ./Drivers/STM32F4xx_HAL_Driver/Src/stm32f4xx_hal_rcc_ex.o
LOAD ./Drivers/STM32F4xx_HAL_Driver/Src/stm32f4xx_hal_spi.o
LOAD ./Drivers/STM32F4xx_HAL_Driver/Src/stm32f4xx_hal_sram.o
LOAD ./Drivers/STM32F4xx_HAL_Driver/Src/stm32f4xx_hal_tim.o
LOAD ./Drivers/STM32F4xx_HAL_Driver/Src/stm32f4xx_hal_tim_ex.o
LOAD ./Drivers/STM32F4xx_HAL_Driver/Src/stm32f4xx_hal_uart.o
LOAD ./Drivers/STM32F4xx_HAL_Driver/Src/stm32f4xx_ll_fsmc.o
START GROUP
LOAD C:/ST/STM32CubeIDE_1.18.0/STM32CubeIDE/plugins/com.st.stm32cube.ide.mcu.externaltools.gnu-tools-for-stm32.13.3.rel1.win32_1.0.0.202411081344/tools/bin/../lib/gcc/arm-none-eabi/13.3.1/../../../../arm-none-eabi/lib/thumb/v7e-m+fp/hard\libc_nano.a
LOAD C:/ST/STM32CubeIDE_1.18.0/STM32CubeIDE/plugins/com.st.stm32cube.ide.mcu.externaltools.gnu-tools-for-stm32.13.3.rel1.win32_1.0.0.202411081344/tools/bin/../lib/gcc/arm-none-eabi/13.3.1/../../../../arm-none-eabi/lib/thumb/v7e-m+fp/hard\libm.a
END GROUP
START GROUP
LOAD C:/ST/STM32CubeIDE_1.18.0/STM32CubeIDE/plugins/com.st.stm32cube.ide.mcu.externaltools.gnu-tools-for-stm32.13.3.rel1.win32_1.0.0.202411081344/tools/bin/../lib/gcc/arm-none-eabi/13.3.1/thumb/v7e-m+fp/hard\libgcc.a
LOAD C:/ST/STM32CubeIDE_1.18.0/STM32CubeIDE/plugins/com.st.stm32cube.ide.mcu.externaltools.gnu-tools-for-stm32.13.3.rel1.win32_1.0.0.202411081344/tools/bin/../lib/gcc/arm-none-eabi/13.3.1/../../../../arm-none-eabi/lib/thumb/v7e-m+fp/hard\libc_nano.a
END GROUP
START GROUP
LOAD C:/ST/STM32CubeIDE_1.18.0/STM32CubeIDE/plugins/com.st.stm32cube.ide.mcu.externaltools.gnu-tools-for-stm32.13.3.rel1.win32_1.0.0.202411081344/tools/bin/../lib/gcc/arm-none-eabi/13.3.1/thumb/v7e-m+fp/hard\libgcc.a
LOAD C:/ST/STM32CubeIDE_1.18.0/STM32CubeIDE/plugins/com.st.stm32cube.ide.mcu.externaltools.gnu-tools-for-stm32.13.3.rel1.win32_1.0.0.202411081344/tools/bin/../lib/gcc/arm-none-eabi/13.3.1/../../../../arm-none-eabi/lib/thumb/v7e-m+fp/hard\libc_nano.a
LOAD C:/ST/STM32CubeIDE_1.18.0/STM32CubeIDE/plugins/com.st.stm32cube.ide.mcu.externaltools.gnu-tools-for-stm32.13.3.rel1.win32_1.0.0.202411081344/tools/bin/../lib/gcc/arm-none-eabi/13.3.1/../../../../arm-none-eabi/lib/thumb/v7e-m+fp/hard\libnosys.a
END GROUP
START GROUP
LOAD C:/ST/STM32CubeIDE_1.18.0/STM32CubeIDE/plugins/com.st.stm32cube.ide.mcu.externaltools.gnu-tools-for-stm32.13.3.rel1.win32_1.0.0.202411081344/tools/bin/../lib/gcc/arm-none-eabi/13.3.1/thumb/v7e-m+fp/hard\libgcc.a
LOAD C:/ST/STM32CubeIDE_1.18.0/STM32CubeIDE/plugins/com.st.stm32cube.ide.mcu.externaltools.gnu-tools-for-stm32.13.3.rel1.win32_1.0.0.202411081344/tools/bin/../lib/gcc/arm-none-eabi/13.3.1/../../../../arm-none-eabi/lib/thumb/v7e-m+fp/hard\libc_nano.a
LOAD C:/ST/STM32CubeIDE_1.18.0/STM32CubeIDE/plugins/com.st.stm32cube.ide.mcu.externaltools.gnu-tools-for-stm32.13.3.rel1.win32_1.0.0.202411081344/tools/bin/../lib/gcc/arm-none-eabi/13.3.1/../../../../arm-none-eabi/lib/thumb/v7e-m+fp/hard\libnosys.a
END GROUP
LOAD C:/ST/STM32CubeIDE_1.18.0/STM32CubeIDE/plugins/com.st.stm32cube.ide.mcu.externaltools.gnu-tools-for-stm32.13.3.rel1.win32_1.0.0.202411081344/tools/bin/../lib/gcc/arm-none-eabi/13.3.1/thumb/v7e-m+fp/hard/crtend.o
LOAD C:/ST/STM32CubeIDE_1.18.0/STM32CubeIDE/plugins/com.st.stm32cube.ide.mcu.externaltools.gnu-tools-for-stm32.13.3.rel1.win32_1.0.0.202411081344/tools/bin/../lib/gcc/arm-none-eabi/13.3.1/thumb/v7e-m+fp/hard/crtn.o
                0x20020000                        _estack = (ORIGIN (RAM) + LENGTH (RAM))
                0x00000200                        _Min_Heap_Size = 0x200
                0x00000400                        _Min_Stack_Size = 0x400

.isr_vector     0x08000000      0x188
                0x08000000                        . = ALIGN (0x4)
 *(.isr_vector)
 .isr_vector    0x08000000      0x188 ./Core/Startup/startup_stm32f407vetx.o
                0x08000000                g_pfnVectors
                0x08000188                        . = ALIGN (0x4)

.text           0x08000190     0xbc5c
                0x08000190                        . = ALIGN (0x4)
 *(.text)
 .text          0x08000190       0x40 C:/ST/STM32CubeIDE_1.18.0/STM32CubeIDE/plugins/com.st.stm32cube.ide.mcu.externaltools.gnu-tools-for-stm32.13.3.rel1.win32_1.0.0.202411081344/tools/bin/../lib/gcc/arm-none-eabi/13.3.1/thumb/v7e-m+fp/hard/crtbegin.o
 .text          0x080001d0       0x14 C:/ST/STM32CubeIDE_1.18.0/STM32CubeIDE/plugins/com.st.stm32cube.ide.mcu.externaltools.gnu-tools-for-stm32.13.3.rel1.win32_1.0.0.202411081344/tools/bin/../lib/gcc/arm-none-eabi/13.3.1/../../../../arm-none-eabi/lib/thumb/v7e-m+fp/hard\libc_nano.a(libc_a-strcmp.o)
                0x080001d0                strcmp
 *fill*         0x080001e4        0xc 
 .text          0x080001f0       0xa0 C:/ST/STM32CubeIDE_1.18.0/STM32CubeIDE/plugins/com.st.stm32cube.ide.mcu.externaltools.gnu-tools-for-stm32.13.3.rel1.win32_1.0.0.202411081344/tools/bin/../lib/gcc/arm-none-eabi/13.3.1/../../../../arm-none-eabi/lib/thumb/v7e-m+fp/hard\libc_nano.a(libc_a-memchr.o)
                0x080001f0                memchr
 .text          0x08000290       0x30 C:/ST/STM32CubeIDE_1.18.0/STM32CubeIDE/plugins/com.st.stm32cube.ide.mcu.externaltools.gnu-tools-for-stm32.13.3.rel1.win32_1.0.0.202411081344/tools/bin/../lib/gcc/arm-none-eabi/13.3.1/thumb/v7e-m+fp/hard\libgcc.a(_aeabi_uldivmod.o)
                0x08000290                __aeabi_uldivmod
 .text          0x080002c0      0x2f8 C:/ST/STM32CubeIDE_1.18.0/STM32CubeIDE/plugins/com.st.stm32cube.ide.mcu.externaltools.gnu-tools-for-stm32.13.3.rel1.win32_1.0.0.202411081344/tools/bin/../lib/gcc/arm-none-eabi/13.3.1/thumb/v7e-m+fp/hard\libgcc.a(_udivmoddi4.o)
                0x080002c0                __udivmoddi4
 .text          0x080005b8        0x4 C:/ST/STM32CubeIDE_1.18.0/STM32CubeIDE/plugins/com.st.stm32cube.ide.mcu.externaltools.gnu-tools-for-stm32.13.3.rel1.win32_1.0.0.202411081344/tools/bin/../lib/gcc/arm-none-eabi/13.3.1/thumb/v7e-m+fp/hard\libgcc.a(_dvmd_tls.o)
                0x080005b8                __aeabi_idiv0
                0x080005b8                __aeabi_ldiv0
 *(.text*)
 .text.App_Init
                0x080005bc       0x20 ./App/App/app.o
                0x080005bc                App_Init
 .text.App_Update
                0x080005dc      0xc6c ./App/App/app.o
                0x080005dc                App_Update
 .text.Save_LoadSlotStatus
                0x08001248       0x5c ./App/App/app.o
 .text.Save_WriteSlot
                0x080012a4       0x48 ./App/App/app.o
 .text.Load_ReadSlot
                0x080012ec       0x2a ./App/App/app.o
 *fill*         0x08001316        0x2 
 .text.Load_CalcPeak
                0x08001318       0xa4 ./App/App/app.o
 .text.Load_DeleteSlot
                0x080013bc       0x2c ./App/App/app.o
 .text.CompareFFT
                0x080013e8      0x2a4 ./App/App/app.o
 .text.FFT_Process_Init
                0x0800168c       0x18 ./App/Processing/fft_process.o
                0x0800168c                FFT_Process_Init
 .text.FFT_Process_Input
                0x080016a4       0x4c ./App/Processing/fft_process.o
                0x080016a4                FFT_Process_Input
 .text.FFT_Process_IsReady
                0x080016f0       0x18 ./App/Processing/fft_process.o
                0x080016f0                FFT_Process_IsReady
 .text.FFT_Process_Run
                0x08001708      0x1b8 ./App/Processing/fft_process.o
                0x08001708                FFT_Process_Run
 .text.FFT_Process_GetMagnitude
                0x080018c0       0x14 ./App/Processing/fft_process.o
                0x080018c0                FFT_Process_GetMagnitude
 .text.FFT_Process_GetPeakFreq
                0x080018d4       0x1c ./App/Processing/fft_process.o
                0x080018d4                FFT_Process_GetPeakFreq
 .text.Settings_SetDefault
                0x080018f0       0x40 ./App/SETTING/settings.o
                0x080018f0                Settings_SetDefault
 .text.Settings_Load
                0x08001930       0x8c ./App/SETTING/settings.o
                0x08001930                Settings_Load
 .text.Settings_Save
                0x080019bc       0x2c ./App/SETTING/settings.o
                0x080019bc                Settings_Save
 .text.HAL_UART_RxCpltCallback
                0x080019e8       0x7c ./Core/Src/main.o
                0x080019e8                HAL_UART_RxCpltCallback
 .text.main     0x08001a64      0x110 ./Core/Src/main.o
                0x08001a64                main
 .text.SystemClock_Config
                0x08001b74       0xd4 ./Core/Src/main.o
                0x08001b74                SystemClock_Config
 .text.MX_I2C1_Init
                0x08001c48       0x5c ./Core/Src/main.o
 .text.MX_SPI1_Init
                0x08001ca4       0x6c ./Core/Src/main.o
 .text.MX_TIM3_Init
                0x08001d10       0x9c ./Core/Src/main.o
 .text.MX_USART1_UART_Init
                0x08001dac       0x54 ./Core/Src/main.o
 .text.MX_GPIO_Init
                0x08001e00      0x17c ./Core/Src/main.o
 .text.MX_FSMC_Init
                0x08001f7c       0xc0 ./Core/Src/main.o
 .text.HAL_TIM_PeriodElapsedCallback
                0x0800203c       0x2c ./Core/Src/main.o
                0x0800203c                HAL_TIM_PeriodElapsedCallback
 .text.Error_Handler
                0x08002068        0xc ./Core/Src/main.o
                0x08002068                Error_Handler
 .text.HAL_MspInit
                0x08002074       0x50 ./Core/Src/stm32f4xx_hal_msp.o
                0x08002074                HAL_MspInit
 .text.HAL_I2C_MspInit
                0x080020c4       0x90 ./Core/Src/stm32f4xx_hal_msp.o
                0x080020c4                HAL_I2C_MspInit
 .text.HAL_SPI_MspInit
                0x08002154       0x90 ./Core/Src/stm32f4xx_hal_msp.o
                0x08002154                HAL_SPI_MspInit
 .text.HAL_TIM_Base_MspInit
                0x080021e4       0x50 ./Core/Src/stm32f4xx_hal_msp.o
                0x080021e4                HAL_TIM_Base_MspInit
 .text.HAL_UART_MspInit
                0x08002234       0xa0 ./Core/Src/stm32f4xx_hal_msp.o
                0x08002234                HAL_UART_MspInit
 .text.HAL_FSMC_MspInit
                0x080022d4       0x98 ./Core/Src/stm32f4xx_hal_msp.o
 .text.HAL_SRAM_MspInit
                0x0800236c       0x14 ./Core/Src/stm32f4xx_hal_msp.o
                0x0800236c                HAL_SRAM_MspInit
 .text.NMI_Handler
                0x08002380        0x8 ./Core/Src/stm32f4xx_it.o
                0x08002380                NMI_Handler
 .text.HardFault_Handler
                0x08002388        0x8 ./Core/Src/stm32f4xx_it.o
                0x08002388                HardFault_Handler
 .text.MemManage_Handler
                0x08002390        0x8 ./Core/Src/stm32f4xx_it.o
                0x08002390                MemManage_Handler
 .text.BusFault_Handler
                0x08002398        0x8 ./Core/Src/stm32f4xx_it.o
                0x08002398                BusFault_Handler
 .text.UsageFault_Handler
                0x080023a0        0x8 ./Core/Src/stm32f4xx_it.o
                0x080023a0                UsageFault_Handler
 .text.SVC_Handler
                0x080023a8        0xe ./Core/Src/stm32f4xx_it.o
                0x080023a8                SVC_Handler
 .text.DebugMon_Handler
                0x080023b6        0xe ./Core/Src/stm32f4xx_it.o
                0x080023b6                DebugMon_Handler
 .text.PendSV_Handler
                0x080023c4        0xe ./Core/Src/stm32f4xx_it.o
                0x080023c4                PendSV_Handler
 .text.SysTick_Handler
                0x080023d2        0xc ./Core/Src/stm32f4xx_it.o
                0x080023d2                SysTick_Handler
 *fill*         0x080023de        0x2 
 .text.TIM3_IRQHandler
                0x080023e0       0x14 ./Core/Src/stm32f4xx_it.o
                0x080023e0                TIM3_IRQHandler
 .text.USART1_IRQHandler
                0x080023f4       0x14 ./Core/Src/stm32f4xx_it.o
                0x080023f4                USART1_IRQHandler
 .text._sbrk    0x08002408       0x6c ./Core/Src/sysmem.o
                0x08002408                _sbrk
 .text.SystemInit
                0x08002474       0x24 ./Core/Src/system_stm32f4xx.o
                0x08002474                SystemInit
 .text.Reset_Handler
                0x08002498       0x50 ./Core/Startup/startup_stm32f407vetx.o
                0x08002498                Reset_Handler
 .text.Default_Handler
                0x080024e8        0x2 ./Core/Startup/startup_stm32f407vetx.o
                0x080024e8                RTC_Alarm_IRQHandler
                0x080024e8                HASH_RNG_IRQHandler
                0x080024e8                EXTI2_IRQHandler
                0x080024e8                TIM8_CC_IRQHandler
                0x080024e8                TIM1_CC_IRQHandler
                0x080024e8                DMA2_Stream5_IRQHandler
                0x080024e8                DMA1_Stream5_IRQHandler
                0x080024e8                PVD_IRQHandler
                0x080024e8                SDIO_IRQHandler
                0x080024e8                TAMP_STAMP_IRQHandler
                0x080024e8                CAN2_RX1_IRQHandler
                0x080024e8                EXTI3_IRQHandler
                0x080024e8                TIM8_TRG_COM_TIM14_IRQHandler
                0x080024e8                TIM1_UP_TIM10_IRQHandler
                0x080024e8                TIM8_UP_TIM13_IRQHandler
                0x080024e8                I2C3_ER_IRQHandler
                0x080024e8                EXTI0_IRQHandler
                0x080024e8                I2C2_EV_IRQHandler
                0x080024e8                DMA1_Stream2_IRQHandler
                0x080024e8                CAN1_RX0_IRQHandler
                0x080024e8                FPU_IRQHandler
                0x080024e8                OTG_HS_WKUP_IRQHandler
                0x080024e8                CAN2_SCE_IRQHandler
                0x080024e8                DMA2_Stream2_IRQHandler
                0x080024e8                SPI1_IRQHandler
                0x080024e8                TIM6_DAC_IRQHandler
                0x080024e8                TIM1_BRK_TIM9_IRQHandler
                0x080024e8                DCMI_IRQHandler
                0x080024e8                CAN2_RX0_IRQHandler
                0x080024e8                DMA2_Stream3_IRQHandler
                0x080024e8                USART6_IRQHandler
                0x080024e8                USART3_IRQHandler
                0x080024e8                CAN1_RX1_IRQHandler
                0x080024e8                UART5_IRQHandler
                0x080024e8                DMA2_Stream0_IRQHandler
                0x080024e8                TIM4_IRQHandler
                0x080024e8                I2C1_EV_IRQHandler
                0x080024e8                DMA1_Stream6_IRQHandler
                0x080024e8                DMA1_Stream1_IRQHandler
                0x080024e8                UART4_IRQHandler
                0x080024e8                RCC_IRQHandler
                0x080024e8                TIM8_BRK_TIM12_IRQHandler
                0x080024e8                Default_Handler
                0x080024e8                EXTI15_10_IRQHandler
                0x080024e8                ADC_IRQHandler
                0x080024e8                DMA1_Stream7_IRQHandler
                0x080024e8                TIM7_IRQHandler
                0x080024e8                CAN2_TX_IRQHandler
                0x080024e8                TIM5_IRQHandler
                0x080024e8                DMA2_Stream7_IRQHandler
                0x080024e8                I2C3_EV_IRQHandler
                0x080024e8                EXTI9_5_IRQHandler
                0x080024e8                RTC_WKUP_IRQHandler
                0x080024e8                ETH_WKUP_IRQHandler
                0x080024e8                SPI2_IRQHandler
                0x080024e8                OTG_HS_EP1_IN_IRQHandler
                0x080024e8                DMA1_Stream0_IRQHandler
                0x080024e8                CAN1_TX_IRQHandler
                0x080024e8                EXTI4_IRQHandler
                0x080024e8                FSMC_IRQHandler
                0x080024e8                ETH_IRQHandler
                0x080024e8                OTG_HS_EP1_OUT_IRQHandler
                0x080024e8                WWDG_IRQHandler
                0x080024e8                TIM2_IRQHandler
                0x080024e8                OTG_FS_WKUP_IRQHandler
                0x080024e8                TIM1_TRG_COM_TIM11_IRQHandler
                0x080024e8                OTG_HS_IRQHandler
                0x080024e8                EXTI1_IRQHandler
                0x080024e8                USART2_IRQHandler
                0x080024e8                I2C2_ER_IRQHandler
                0x080024e8                DMA2_Stream1_IRQHandler
                0x080024e8                CAN1_SCE_IRQHandler
                0x080024e8                FLASH_IRQHandler
                0x080024e8                DMA2_Stream4_IRQHandler
                0x080024e8                OTG_FS_IRQHandler
                0x080024e8                SPI3_IRQHandler
                0x080024e8                DMA1_Stream4_IRQHandler
                0x080024e8                I2C1_ER_IRQHandler
                0x080024e8                DMA2_Stream6_IRQHandler
                0x080024e8                DMA1_Stream3_IRQHandler
 *fill*         0x080024ea        0x2 
 .text.ADXL345_Write
                0x080024ec       0x38 ./Drivers/ADXL345/adxl345.o
                0x080024ec                ADXL345_Write
 .text.ADXL345_Init
                0x08002524       0x58 ./Drivers/ADXL345/adxl345.o
                0x08002524                ADXL345_Init
 .text.ADXL345_ReadXYZ
                0x0800257c       0x80 ./Drivers/ADXL345/adxl345.o
                0x0800257c                ADXL345_ReadXYZ
 .text.Button_ReadRaw
                0x080025fc       0x68 ./Drivers/BSP/button.o
 .text.Button_GetEvent
                0x08002664      0x10c ./Drivers/BSP/button.o
                0x08002664                Button_GetEvent
 .text.BUZZER_WRITE
                0x08002770       0x24 ./Drivers/BSP/buzzer.o
 .text.Buzzer_Init
                0x08002794        0xe ./Drivers/BSP/buzzer.o
                0x08002794                Buzzer_Init
 .text.Buzzer_On
                0x080027a2        0xe ./Drivers/BSP/buzzer.o
                0x080027a2                Buzzer_On
 .text.Buzzer_Off
                0x080027b0        0xe ./Drivers/BSP/buzzer.o
                0x080027b0                Buzzer_Off
 .text.arm_bitreversal_32
                0x080027be       0xb2 ./Drivers/CMSIS_DSP/Source/arm_bitreversal2.o
                0x080027be                arm_bitreversal_32
 .text.arm_cfft_radix8by2_f32
                0x08002870      0x3e8 ./Drivers/CMSIS_DSP/Source/arm_cfft_f32.o
                0x08002870                arm_cfft_radix8by2_f32
 .text.arm_cfft_radix8by4_f32
                0x08002c58      0xc60 ./Drivers/CMSIS_DSP/Source/arm_cfft_f32.o
                0x08002c58                arm_cfft_radix8by4_f32
 .text.arm_cfft_f32
                0x080038b8      0x174 ./Drivers/CMSIS_DSP/Source/arm_cfft_f32.o
                0x080038b8                arm_cfft_f32
 .text.arm_cfft_init_f32
                0x08003a2c      0x1a4 ./Drivers/CMSIS_DSP/Source/arm_cfft_init_f32.o
                0x08003a2c                arm_cfft_init_f32
 .text.arm_radix8_butterfly_f32
                0x08003bd0     0x100c ./Drivers/CMSIS_DSP/Source/arm_cfft_radix8_f32.o
                0x08003bd0                arm_radix8_butterfly_f32
 .text.stage_rfft_f32
                0x08004bdc      0x1ca ./Drivers/CMSIS_DSP/Source/arm_rfft_fast_f32.o
                0x08004bdc                stage_rfft_f32
 .text.merge_rfft_f32
                0x08004da6      0x192 ./Drivers/CMSIS_DSP/Source/arm_rfft_fast_f32.o
                0x08004da6                merge_rfft_f32
 .text.arm_rfft_fast_f32
                0x08004f38       0x4e ./Drivers/CMSIS_DSP/Source/arm_rfft_fast_f32.o
                0x08004f38                arm_rfft_fast_f32
 *fill*         0x08004f86        0x2 
 .text.arm_rfft_32_fast_init_f32
                0x08004f88       0x4c ./Drivers/CMSIS_DSP/Source/arm_rfft_fast_init_f32.o
 .text.arm_rfft_64_fast_init_f32
                0x08004fd4       0x4c ./Drivers/CMSIS_DSP/Source/arm_rfft_fast_init_f32.o
 .text.arm_rfft_128_fast_init_f32
                0x08005020       0x4c ./Drivers/CMSIS_DSP/Source/arm_rfft_fast_init_f32.o
 .text.arm_rfft_256_fast_init_f32
                0x0800506c       0x4c ./Drivers/CMSIS_DSP/Source/arm_rfft_fast_init_f32.o
 .text.arm_rfft_512_fast_init_f32
                0x080050b8       0x50 ./Drivers/CMSIS_DSP/Source/arm_rfft_fast_init_f32.o
 .text.arm_rfft_1024_fast_init_f32
                0x08005108       0x50 ./Drivers/CMSIS_DSP/Source/arm_rfft_fast_init_f32.o
 .text.arm_rfft_2048_fast_init_f32
                0x08005158       0x50 ./Drivers/CMSIS_DSP/Source/arm_rfft_fast_init_f32.o
 .text.arm_rfft_4096_fast_init_f32
                0x080051a8       0x50 ./Drivers/CMSIS_DSP/Source/arm_rfft_fast_init_f32.o
 .text.arm_rfft_fast_init_f32
                0x080051f8       0xd0 ./Drivers/CMSIS_DSP/Source/arm_rfft_fast_init_f32.o
                0x080051f8                arm_rfft_fast_init_f32
 .text.CS_LOW   0x080052c8       0x18 ./Drivers/Flash/w25q16.o
 .text.CS_HIGH  0x080052e0       0x18 ./Drivers/Flash/w25q16.o
 .text.SPI_TX   0x080052f8       0x28 ./Drivers/Flash/w25q16.o
 .text.SPI_RX   0x08005320       0x28 ./Drivers/Flash/w25q16.o
 .text.WriteEnable
                0x08005348       0x24 ./Drivers/Flash/w25q16.o
 .text.W25Q16_IsBusy
                0x0800536c       0x36 ./Drivers/Flash/w25q16.o
                0x0800536c                W25Q16_IsBusy
 .text.WaitBusy
                0x080053a2       0x16 ./Drivers/Flash/w25q16.o
 .text.W25Q16_Read
                0x080053b8       0x4e ./Drivers/Flash/w25q16.o
                0x080053b8                W25Q16_Read
 .text.W25Q16_EraseSector
                0x08005406       0x46 ./Drivers/Flash/w25q16.o
                0x08005406                W25Q16_EraseSector
 .text.W25Q16_Write
                0x0800544c       0x94 ./Drivers/Flash/w25q16.o
                0x0800544c                W25Q16_Write
 .text.ILI9341_WriteCommand
                0x080054e0       0x1e ./Drivers/LCD/ili9341.o
 *fill*         0x080054fe        0x2 
 .text.ILI9341_WriteData
                0x08005500       0x20 ./Drivers/LCD/ili9341.o
 .text.ILI9341_WriteColor
                0x08005520       0x30 ./Drivers/LCD/ili9341.o
                0x08005520                ILI9341_WriteColor
 .text.ILI9341_SetAddress
                0x08005550       0x98 ./Drivers/LCD/ili9341.o
                0x08005550                ILI9341_SetAddress
 .text.ILI9341_SetCursor
                0x080055e8       0x24 ./Drivers/LCD/ili9341.o
                0x080055e8                ILI9341_SetCursor
 .text.ILI9341_DrawPixel
                0x0800560c       0x2e ./Drivers/LCD/ili9341.o
                0x0800560c                ILI9341_DrawPixel
 .text.ILI9341_FillScreen
                0x0800563a       0x2c ./Drivers/LCD/ili9341.o
                0x0800563a                ILI9341_FillScreen
 .text.ILI9341_DrawHLine
                0x08005666       0x48 ./Drivers/LCD/ili9341.o
                0x08005666                ILI9341_DrawHLine
 .text.ILI9341_DrawVLine
                0x080056ae       0x48 ./Drivers/LCD/ili9341.o
                0x080056ae                ILI9341_DrawVLine
 .text.ILI9341_FillRect
                0x080056f6       0x5c ./Drivers/LCD/ili9341.o
                0x080056f6                ILI9341_FillRect
 .text.ILI9341_DrawRect
                0x08005752       0x62 ./Drivers/LCD/ili9341.o
                0x08005752                ILI9341_DrawRect
 .text.ILI9341_Init
                0x080057b4       0x4a ./Drivers/LCD/ili9341.o
                0x080057b4                ILI9341_Init
 .text.LCD_DrawGrid
                0x080057fe       0x7a ./Drivers/LCD/lcd.o
 .text.LCD_DrawFFT
                0x08005878       0xbc ./Drivers/LCD/lcd.o
                0x08005878                LCD_DrawFFT
 .text.LCD_DrawFFT_Area
                0x08005934      0x1f0 ./Drivers/LCD/lcd.o
                0x08005934                LCD_DrawFFT_Area
 .text.LCD_DrawUIFrame
                0x08005b24       0xe8 ./Drivers/LCD/lcd.o
                0x08005b24                LCD_DrawUIFrame
 .text.LCD_UpdateStatus
                0x08005c0c       0x7c ./Drivers/LCD/lcd.o
                0x08005c0c                LCD_UpdateStatus
 .text.LCD_UpdateCount
                0x08005c88       0x6c ./Drivers/LCD/lcd.o
                0x08005c88                LCD_UpdateCount
 .text.LCD_ClearTopBar
                0x08005cf4       0x1e ./Drivers/LCD/lcd.o
                0x08005cf4                LCD_ClearTopBar
 *fill*         0x08005d12        0x2 
 .text.LCD_DrawFFTProgress
                0x08005d14       0xd8 ./Drivers/LCD/lcd.o
                0x08005d14                LCD_DrawFFTProgress
 .text.LCD_ResetFFTProgress
                0x08005dec       0x1c ./Drivers/LCD/lcd.o
                0x08005dec                LCD_ResetFFTProgress
 .text.LCD_UpdateLoadStatus
                0x08005e08       0x64 ./Drivers/LCD/lcd.o
                0x08005e08                LCD_UpdateLoadStatus
 .text.LCD_DrawResult
                0x08005e6c       0xac ./Drivers/LCD/lcd.o
                0x08005e6c                LCD_DrawResult
 .text.LCD_ClearScreen
                0x08005f18        0xe ./Drivers/LCD/lcd.o
                0x08005f18                LCD_ClearScreen
 .text.LCD_DrawChar
                0x08005f26       0xac ./Drivers/LCD/lcd_text.o
                0x08005f26                LCD_DrawChar
 .text.LCD_DrawString
                0x08005fd2       0x9c ./Drivers/LCD/lcd_text.o
                0x08005fd2                LCD_DrawString
 *fill*         0x0800606e        0x2 
 .text.UI_DrawMainMenu
                0x08006070      0x174 ./Drivers/LCD/ui.o
                0x08006070                UI_DrawMainMenu
 .text.UI_DrawMeasureSlots
                0x080061e4      0x14c ./Drivers/LCD/ui.o
                0x080061e4                UI_DrawMeasureSlots
 .text.UI_DrawSaveSlots
                0x08006330      0x180 ./Drivers/LCD/ui.o
                0x08006330                UI_DrawSaveSlots
 .text.UI_DrawLoadSlots
                0x080064b0      0x168 ./Drivers/LCD/ui.o
                0x080064b0                UI_DrawLoadSlots
 .text.UI_DrawDeletePopup
                0x08006618       0xbc ./Drivers/LCD/ui.o
                0x08006618                UI_DrawDeletePopup
 .text.UI_DrawSettingsMenu
                0x080066d4      0x1f8 ./Drivers/LCD/ui.o
                0x080066d4                UI_DrawSettingsMenu
 .text.UI_DrawLegend
                0x080068cc       0x6c ./Drivers/LCD/ui.o
                0x080068cc                UI_DrawLegend
 .text.UI_DrawPCMode
                0x08006938       0xb0 ./Drivers/LCD/ui.o
                0x08006938                UI_DrawPCMode
 .text.UI_UpdatePCStatus
                0x080069e8       0x98 ./Drivers/LCD/ui.o
                0x080069e8                UI_UpdatePCStatus
 .text.UI_UpdatePCAnimation
                0x08006a80       0xdc ./Drivers/LCD/ui.o
                0x08006a80                UI_UpdatePCAnimation
 .text.HAL_Init
                0x08006b5c       0x44 ./Drivers/STM32F4xx_HAL_Driver/Src/stm32f4xx_hal.o
                0x08006b5c                HAL_Init
 .text.HAL_InitTick
                0x08006ba0       0x60 ./Drivers/STM32F4xx_HAL_Driver/Src/stm32f4xx_hal.o
                0x08006ba0                HAL_InitTick
 .text.HAL_IncTick
                0x08006c00       0x28 ./Drivers/STM32F4xx_HAL_Driver/Src/stm32f4xx_hal.o
                0x08006c00                HAL_IncTick
 .text.HAL_GetTick
                0x08006c28       0x18 ./Drivers/STM32F4xx_HAL_Driver/Src/stm32f4xx_hal.o
                0x08006c28                HAL_GetTick
 .text.HAL_Delay
                0x08006c40       0x48 ./Drivers/STM32F4xx_HAL_Driver/Src/stm32f4xx_hal.o
                0x08006c40                HAL_Delay
 .text.__NVIC_SetPriorityGrouping
                0x08006c88       0x48 ./Drivers/STM32F4xx_HAL_Driver/Src/stm32f4xx_hal_cortex.o
 .text.__NVIC_GetPriorityGrouping
                0x08006cd0       0x1c ./Drivers/STM32F4xx_HAL_Driver/Src/stm32f4xx_hal_cortex.o
 .text.__NVIC_EnableIRQ
                0x08006cec       0x3c ./Drivers/STM32F4xx_HAL_Driver/Src/stm32f4xx_hal_cortex.o
 .text.__NVIC_SetPriority
                0x08006d28       0x54 ./Drivers/STM32F4xx_HAL_Driver/Src/stm32f4xx_hal_cortex.o
 .text.NVIC_EncodePriority
                0x08006d7c       0x66 ./Drivers/STM32F4xx_HAL_Driver/Src/stm32f4xx_hal_cortex.o
 *fill*         0x08006de2        0x2 
 .text.SysTick_Config
                0x08006de4       0x44 ./Drivers/STM32F4xx_HAL_Driver/Src/stm32f4xx_hal_cortex.o
 .text.HAL_NVIC_SetPriorityGrouping
                0x08006e28       0x16 ./Drivers/STM32F4xx_HAL_Driver/Src/stm32f4xx_hal_cortex.o
                0x08006e28                HAL_NVIC_SetPriorityGrouping
 .text.HAL_NVIC_SetPriority
                0x08006e3e       0x38 ./Drivers/STM32F4xx_HAL_Driver/Src/stm32f4xx_hal_cortex.o
                0x08006e3e                HAL_NVIC_SetPriority
 .text.HAL_NVIC_EnableIRQ
                0x08006e76       0x1c ./Drivers/STM32F4xx_HAL_Driver/Src/stm32f4xx_hal_cortex.o
                0x08006e76                HAL_NVIC_EnableIRQ
 .text.HAL_SYSTICK_Config
                0x08006e92       0x18 ./Drivers/STM32F4xx_HAL_Driver/Src/stm32f4xx_hal_cortex.o
                0x08006e92                HAL_SYSTICK_Config
 .text.HAL_DMA_Abort
                0x08006eaa       0xe0 ./Drivers/STM32F4xx_HAL_Driver/Src/stm32f4xx_hal_dma.o
                0x08006eaa                HAL_DMA_Abort
 .text.HAL_DMA_Abort_IT
                0x08006f8a       0x44 ./Drivers/STM32F4xx_HAL_Driver/Src/stm32f4xx_hal_dma.o
                0x08006f8a                HAL_DMA_Abort_IT
 *fill*         0x08006fce        0x2 
 .text.HAL_GPIO_Init
                0x08006fd0      0x338 ./Drivers/STM32F4xx_HAL_Driver/Src/stm32f4xx_hal_gpio.o
                0x08006fd0                HAL_GPIO_Init
 .text.HAL_GPIO_ReadPin
                0x08007308       0x30 ./Drivers/STM32F4xx_HAL_Driver/Src/stm32f4xx_hal_gpio.o
                0x08007308                HAL_GPIO_ReadPin
 .text.HAL_GPIO_WritePin
                0x08007338       0x32 ./Drivers/STM32F4xx_HAL_Driver/Src/stm32f4xx_hal_gpio.o
                0x08007338                HAL_GPIO_WritePin
 *fill*         0x0800736a        0x2 
 .text.HAL_I2C_Init
                0x0800736c      0x288 ./Drivers/STM32F4xx_HAL_Driver/Src/stm32f4xx_hal_i2c.o
                0x0800736c                HAL_I2C_Init
 .text.HAL_I2C_Master_Transmit
                0x080075f4      0x1fc ./Drivers/STM32F4xx_HAL_Driver/Src/stm32f4xx_hal_i2c.o
                0x080075f4                HAL_I2C_Master_Transmit
 .text.HAL_I2C_Mem_Read
                0x080077f0      0x464 ./Drivers/STM32F4xx_HAL_Driver/Src/stm32f4xx_hal_i2c.o
                0x080077f0                HAL_I2C_Mem_Read
 .text.I2C_MasterRequestWrite
                0x08007c54      0x104 ./Drivers/STM32F4xx_HAL_Driver/Src/stm32f4xx_hal_i2c.o
 .text.I2C_RequestMemoryRead
                0x08007d58      0x1d0 ./Drivers/STM32F4xx_HAL_Driver/Src/stm32f4xx_hal_i2c.o
 .text.I2C_WaitOnFlagUntilTimeout
                0x08007f28       0xf4 ./Drivers/STM32F4xx_HAL_Driver/Src/stm32f4xx_hal_i2c.o
 .text.I2C_WaitOnMasterAddressFlagUntilTimeout
                0x0800801c      0x140 ./Drivers/STM32F4xx_HAL_Driver/Src/stm32f4xx_hal_i2c.o
 .text.I2C_WaitOnTXEFlagUntilTimeout
                0x0800815c       0x90 ./Drivers/STM32F4xx_HAL_Driver/Src/stm32f4xx_hal_i2c.o
 .text.I2C_WaitOnBTFFlagUntilTimeout
                0x080081ec       0x90 ./Drivers/STM32F4xx_HAL_Driver/Src/stm32f4xx_hal_i2c.o
 .text.I2C_WaitOnRXNEFlagUntilTimeout
                0x0800827c       0xba ./Drivers/STM32F4xx_HAL_Driver/Src/stm32f4xx_hal_i2c.o
 .text.I2C_IsAcknowledgeFailed
                0x08008336       0x5e ./Drivers/STM32F4xx_HAL_Driver/Src/stm32f4xx_hal_i2c.o
 .text.HAL_RCC_OscConfig
                0x08008394      0x4f0 ./Drivers/STM32F4xx_HAL_Driver/Src/stm32f4xx_hal_rcc.o
                0x08008394                HAL_RCC_OscConfig
 .text.HAL_RCC_ClockConfig
                0x08008884      0x1cc ./Drivers/STM32F4xx_HAL_Driver/Src/stm32f4xx_hal_rcc.o
                0x08008884                HAL_RCC_ClockConfig
 .text.HAL_RCC_GetSysClockFreq
                0x08008a50      0x20c ./Drivers/STM32F4xx_HAL_Driver/Src/stm32f4xx_hal_rcc.o
                0x08008a50                HAL_RCC_GetSysClockFreq
 .text.HAL_RCC_GetHCLKFreq
                0x08008c5c       0x18 ./Drivers/STM32F4xx_HAL_Driver/Src/stm32f4xx_hal_rcc.o
                0x08008c5c                HAL_RCC_GetHCLKFreq
 .text.HAL_RCC_GetPCLK1Freq
                0x08008c74       0x28 ./Drivers/STM32F4xx_HAL_Driver/Src/stm32f4xx_hal_rcc.o
                0x08008c74                HAL_RCC_GetPCLK1Freq
 .text.HAL_RCC_GetPCLK2Freq
                0x08008c9c       0x28 ./Drivers/STM32F4xx_HAL_Driver/Src/stm32f4xx_hal_rcc.o
                0x08008c9c                HAL_RCC_GetPCLK2Freq
 .text.HAL_SPI_Init
                0x08008cc4      0x112 ./Drivers/STM32F4xx_HAL_Driver/Src/stm32f4xx_hal_spi.o
                0x08008cc4                HAL_SPI_Init
 .text.HAL_SPI_Transmit
                0x08008dd6      0x288 ./Drivers/STM32F4xx_HAL_Driver/Src/stm32f4xx_hal_spi.o
                0x08008dd6                HAL_SPI_Transmit
 .text.HAL_SPI_Receive
                0x0800905e      0x232 ./Drivers/STM32F4xx_HAL_Driver/Src/stm32f4xx_hal_spi.o
                0x0800905e                HAL_SPI_Receive
 .text.HAL_SPI_TransmitReceive
                0x08009290      0x352 ./Drivers/STM32F4xx_HAL_Driver/Src/stm32f4xx_hal_spi.o
                0x08009290                HAL_SPI_TransmitReceive
 *fill*         0x080095e2        0x2 
 .text.SPI_WaitFlagStateUntilTimeout
                0x080095e4      0x110 ./Drivers/STM32F4xx_HAL_Driver/Src/stm32f4xx_hal_spi.o
 .text.SPI_EndRxTransaction
                0x080096f4       0xca ./Drivers/STM32F4xx_HAL_Driver/Src/stm32f4xx_hal_spi.o
 *fill*         0x080097be        0x2 
 .text.SPI_EndRxTxTransaction
                0x080097c0       0xa8 ./Drivers/STM32F4xx_HAL_Driver/Src/stm32f4xx_hal_spi.o
 .text.HAL_SRAM_Init
                0x08009868       0x90 ./Drivers/STM32F4xx_HAL_Driver/Src/stm32f4xx_hal_sram.o
                0x08009868                HAL_SRAM_Init
 .text.HAL_TIM_Base_Init
                0x080098f8       0x9e ./Drivers/STM32F4xx_HAL_Driver/Src/stm32f4xx_hal_tim.o
                0x080098f8                HAL_TIM_Base_Init
 *fill*         0x08009996        0x2 
 .text.HAL_TIM_Base_Start_IT
                0x08009998       0xe0 ./Drivers/STM32F4xx_HAL_Driver/Src/stm32f4xx_hal_tim.o
                0x08009998                HAL_TIM_Base_Start_IT
 .text.HAL_TIM_IRQHandler
                0x08009a78      0x1e0 ./Drivers/STM32F4xx_HAL_Driver/Src/stm32f4xx_hal_tim.o
                0x08009a78                HAL_TIM_IRQHandler
 .text.HAL_TIM_ConfigClockSource
                0x08009c58      0x18e ./Drivers/STM32F4xx_HAL_Driver/Src/stm32f4xx_hal_tim.o
                0x08009c58                HAL_TIM_ConfigClockSource
 .text.HAL_TIM_OC_DelayElapsedCallback
                0x08009de6       0x14 ./Drivers/STM32F4xx_HAL_Driver/Src/stm32f4xx_hal_tim.o
                0x08009de6                HAL_TIM_OC_DelayElapsedCallback
 .text.HAL_TIM_IC_CaptureCallback
                0x08009dfa       0x14 ./Drivers/STM32F4xx_HAL_Driver/Src/stm32f4xx_hal_tim.o
                0x08009dfa                HAL_TIM_IC_CaptureCallback
 .text.HAL_TIM_PWM_PulseFinishedCallback
                0x08009e0e       0x14 ./Drivers/STM32F4xx_HAL_Driver/Src/stm32f4xx_hal_tim.o
                0x08009e0e                HAL_TIM_PWM_PulseFinishedCallback
 .text.HAL_TIM_TriggerCallback
                0x08009e22       0x14 ./Drivers/STM32F4xx_HAL_Driver/Src/stm32f4xx_hal_tim.o
                0x08009e22                HAL_TIM_TriggerCallback
 *fill*         0x08009e36        0x2 
 .text.TIM_Base_SetConfig
                0x08009e38      0x14c ./Drivers/STM32F4xx_HAL_Driver/Src/stm32f4xx_hal_tim.o
                0x08009e38                TIM_Base_SetConfig
 .text.TIM_TI1_ConfigInputStage
                0x08009f84       0x5e ./Drivers/STM32F4xx_HAL_Driver/Src/stm32f4xx_hal_tim.o
 .text.TIM_TI2_ConfigInputStage
                0x08009fe2       0x60 ./Drivers/STM32F4xx_HAL_Driver/Src/stm32f4xx_hal_tim.o
 .text.TIM_ITRx_SetConfig
                0x0800a042       0x36 ./Drivers/STM32F4xx_HAL_Driver/Src/stm32f4xx_hal_tim.o
 .text.TIM_ETR_SetConfig
                0x0800a078       0x40 ./Drivers/STM32F4xx_HAL_Driver/Src/stm32f4xx_hal_tim.o
                0x0800a078                TIM_ETR_SetConfig
 .text.HAL_TIMEx_MasterConfigSynchronization
                0x0800a0b8       0xf8 ./Drivers/STM32F4xx_HAL_Driver/Src/stm32f4xx_hal_tim_ex.o
                0x0800a0b8                HAL_TIMEx_MasterConfigSynchronization
 .text.HAL_TIMEx_CommutCallback
                0x0800a1b0       0x14 ./Drivers/STM32F4xx_HAL_Driver/Src/stm32f4xx_hal_tim_ex.o
                0x0800a1b0                HAL_TIMEx_CommutCallback
 .text.HAL_TIMEx_BreakCallback
                0x0800a1c4       0x14 ./Drivers/STM32F4xx_HAL_Driver/Src/stm32f4xx_hal_tim_ex.o
                0x0800a1c4                HAL_TIMEx_BreakCallback
 .text.HAL_UART_Init
                0x0800a1d8       0xa0 ./Drivers/STM32F4xx_HAL_Driver/Src/stm32f4xx_hal_uart.o
                0x0800a1d8                HAL_UART_Init
 .text.HAL_UART_Transmit
                0x0800a278      0x116 ./Drivers/STM32F4xx_HAL_Driver/Src/stm32f4xx_hal_uart.o
                0x0800a278                HAL_UART_Transmit
 .text.HAL_UART_Receive_IT
                0x0800a38e       0x4a ./Drivers/STM32F4xx_HAL_Driver/Src/stm32f4xx_hal_uart.o
                0x0800a38e                HAL_UART_Receive_IT
 .text.HAL_UART_IRQHandler
                0x0800a3d8      0x554 ./Drivers/STM32F4xx_HAL_Driver/Src/stm32f4xx_hal_uart.o
                0x0800a3d8                HAL_UART_IRQHandler
 .text.HAL_UART_TxCpltCallback
                0x0800a92c       0x14 ./Drivers/STM32F4xx_HAL_Driver/Src/stm32f4xx_hal_uart.o
                0x0800a92c                HAL_UART_TxCpltCallback
 .text.HAL_UART_ErrorCallback
                0x0800a940       0x14 ./Drivers/STM32F4xx_HAL_Driver/Src/stm32f4xx_hal_uart.o
                0x0800a940                HAL_UART_ErrorCallback
 .text.HAL_UARTEx_RxEventCallback
                0x0800a954       0x18 ./Drivers/STM32F4xx_HAL_Driver/Src/stm32f4xx_hal_uart.o
                0x0800a954                HAL_UARTEx_RxEventCallback
 .text.UART_WaitOnFlagUntilTimeout
                0x0800a96c       0xb2 ./Drivers/STM32F4xx_HAL_Driver/Src/stm32f4xx_hal_uart.o
 .text.UART_Start_Receive_IT
                0x0800aa1e       0x74 ./Drivers/STM32F4xx_HAL_Driver/Src/stm32f4xx_hal_uart.o
                0x0800aa1e                UART_Start_Receive_IT
 .text.UART_EndRxTransfer
                0x0800aa92       0xc6 ./Drivers/STM32F4xx_HAL_Driver/Src/stm32f4xx_hal_uart.o
 .text.UART_DMAAbortOnError
                0x0800ab58       0x22 ./Drivers/STM32F4xx_HAL_Driver/Src/stm32f4xx_hal_uart.o
 .text.UART_Transmit_IT
                0x0800ab7a       0xa0 ./Drivers/STM32F4xx_HAL_Driver/Src/stm32f4xx_hal_uart.o
 .text.UART_EndTransmit_IT
                0x0800ac1a       0x30 ./Drivers/STM32F4xx_HAL_Driver/Src/stm32f4xx_hal_uart.o
 .text.UART_Receive_IT
                0x0800ac4a      0x17c ./Drivers/STM32F4xx_HAL_Driver/Src/stm32f4xx_hal_uart.o
 *fill*         0x0800adc6        0x2 
 .text.UART_SetConfig
                0x0800adc8      0x4e8 ./Drivers/STM32F4xx_HAL_Driver/Src/stm32f4xx_hal_uart.o
 .text.FSMC_NORSRAM_Init
                0x0800b2b0       0xd4 ./Drivers/STM32F4xx_HAL_Driver/Src/stm32f4xx_ll_fsmc.o
                0x0800b2b0                FSMC_NORSRAM_Init
 .text.FSMC_NORSRAM_Timing_Init
                0x0800b384       0x5c ./Drivers/STM32F4xx_HAL_Driver/Src/stm32f4xx_ll_fsmc.o
                0x0800b384                FSMC_NORSRAM_Timing_Init
 .text.FSMC_NORSRAM_Extended_Timing_Init
                0x0800b3e0       0x70 ./Drivers/STM32F4xx_HAL_Driver/Src/stm32f4xx_ll_fsmc.o
                0x0800b3e0                FSMC_NORSRAM_Extended_Timing_Init
 .text.sprintf  0x0800b450       0x44 C:/ST/STM32CubeIDE_1.18.0/STM32CubeIDE/plugins/com.st.stm32cube.ide.mcu.externaltools.gnu-tools-for-stm32.13.3.rel1.win32_1.0.0.202411081344/tools/bin/../lib/gcc/arm-none-eabi/13.3.1/../../../../arm-none-eabi/lib/thumb/v7e-m+fp/hard\libc_nano.a(libc_a-sprintf.o)
                0x0800b450                siprintf
                0x0800b450                sprintf
 .text.memset   0x0800b494       0x10 C:/ST/STM32CubeIDE_1.18.0/STM32CubeIDE/plugins/com.st.stm32cube.ide.mcu.externaltools.gnu-tools-for-stm32.13.3.rel1.win32_1.0.0.202411081344/tools/bin/../lib/gcc/arm-none-eabi/13.3.1/../../../../arm-none-eabi/lib/thumb/v7e-m+fp/hard\libc_nano.a(libc_a-memset.o)
                0x0800b494                memset
 .text.__errno  0x0800b4a4        0xc C:/ST/STM32CubeIDE_1.18.0/STM32CubeIDE/plugins/com.st.stm32cube.ide.mcu.externaltools.gnu-tools-for-stm32.13.3.rel1.win32_1.0.0.202411081344/tools/bin/../lib/gcc/arm-none-eabi/13.3.1/../../../../arm-none-eabi/lib/thumb/v7e-m+fp/hard\libc_nano.a(libc_a-errno.o)
                0x0800b4a4                __errno
 .text.__libc_init_array
                0x0800b4b0       0x48 C:/ST/STM32CubeIDE_1.18.0/STM32CubeIDE/plugins/com.st.stm32cube.ide.mcu.externaltools.gnu-tools-for-stm32.13.3.rel1.win32_1.0.0.202411081344/tools/bin/../lib/gcc/arm-none-eabi/13.3.1/../../../../arm-none-eabi/lib/thumb/v7e-m+fp/hard\libc_nano.a(libc_a-init.o)
                0x0800b4b0                __libc_init_array
 .text.__retarget_lock_acquire_recursive
                0x0800b4f8        0x2 C:/ST/STM32CubeIDE_1.18.0/STM32CubeIDE/plugins/com.st.stm32cube.ide.mcu.externaltools.gnu-tools-for-stm32.13.3.rel1.win32_1.0.0.202411081344/tools/bin/../lib/gcc/arm-none-eabi/13.3.1/../../../../arm-none-eabi/lib/thumb/v7e-m+fp/hard\libc_nano.a(libc_a-lock.o)
                0x0800b4f8                __retarget_lock_acquire_recursive
 .text.__retarget_lock_release_recursive
                0x0800b4fa        0x2 C:/ST/STM32CubeIDE_1.18.0/STM32CubeIDE/plugins/com.st.stm32cube.ide.mcu.externaltools.gnu-tools-for-stm32.13.3.rel1.win32_1.0.0.202411081344/tools/bin/../lib/gcc/arm-none-eabi/13.3.1/../../../../arm-none-eabi/lib/thumb/v7e-m+fp/hard\libc_nano.a(libc_a-lock.o)
                0x0800b4fa                __retarget_lock_release_recursive
 .text._free_r  0x0800b4fc       0x94 C:/ST/STM32CubeIDE_1.18.0/STM32CubeIDE/plugins/com.st.stm32cube.ide.mcu.externaltools.gnu-tools-for-stm32.13.3.rel1.win32_1.0.0.202411081344/tools/bin/../lib/gcc/arm-none-eabi/13.3.1/../../../../arm-none-eabi/lib/thumb/v7e-m+fp/hard\libc_nano.a(libc_a-freer.o)
                0x0800b4fc                _free_r
 .text.sbrk_aligned
                0x0800b590       0x44 C:/ST/STM32CubeIDE_1.18.0/STM32CubeIDE/plugins/com.st.stm32cube.ide.mcu.externaltools.gnu-tools-for-stm32.13.3.rel1.win32_1.0.0.202411081344/tools/bin/../lib/gcc/arm-none-eabi/13.3.1/../../../../arm-none-eabi/lib/thumb/v7e-m+fp/hard\libc_nano.a(libc_a-mallocr.o)
 .text._malloc_r
                0x0800b5d4      0x100 C:/ST/STM32CubeIDE_1.18.0/STM32CubeIDE/plugins/com.st.stm32cube.ide.mcu.externaltools.gnu-tools-for-stm32.13.3.rel1.win32_1.0.0.202411081344/tools/bin/../lib/gcc/arm-none-eabi/13.3.1/../../../../arm-none-eabi/lib/thumb/v7e-m+fp/hard\libc_nano.a(libc_a-mallocr.o)
                0x0800b5d4                _malloc_r
 .text.__malloc_lock
                0x0800b6d4        0xc C:/ST/STM32CubeIDE_1.18.0/STM32CubeIDE/plugins/com.st.stm32cube.ide.mcu.externaltools.gnu-tools-for-stm32.13.3.rel1.win32_1.0.0.202411081344/tools/bin/../lib/gcc/arm-none-eabi/13.3.1/../../../../arm-none-eabi/lib/thumb/v7e-m+fp/hard\libc_nano.a(libc_a-mlock.o)
                0x0800b6d4                __malloc_lock
 .text.__malloc_unlock
                0x0800b6e0        0xc C:/ST/STM32CubeIDE_1.18.0/STM32CubeIDE/plugins/com.st.stm32cube.ide.mcu.externaltools.gnu-tools-for-stm32.13.3.rel1.win32_1.0.0.202411081344/tools/bin/../lib/gcc/arm-none-eabi/13.3.1/../../../../arm-none-eabi/lib/thumb/v7e-m+fp/hard\libc_nano.a(libc_a-mlock.o)
                0x0800b6e0                __malloc_unlock
 .text.__ssputs_r
                0x0800b6ec       0xb6 C:/ST/STM32CubeIDE_1.18.0/STM32CubeIDE/plugins/com.st.stm32cube.ide.mcu.externaltools.gnu-tools-for-stm32.13.3.rel1.win32_1.0.0.202411081344/tools/bin/../lib/gcc/arm-none-eabi/13.3.1/../../../../arm-none-eabi/lib/thumb/v7e-m+fp/hard\libc_nano.a(libc_a-nano-svfprintf.o)
                0x0800b6ec                __ssputs_r
 *fill*         0x0800b7a2        0x2 
 .text._svfprintf_r
                0x0800b7a4      0x1f8 C:/ST/STM32CubeIDE_1.18.0/STM32CubeIDE/plugins/com.st.stm32cube.ide.mcu.externaltools.gnu-tools-for-stm32.13.3.rel1.win32_1.0.0.202411081344/tools/bin/../lib/gcc/arm-none-eabi/13.3.1/../../../../arm-none-eabi/lib/thumb/v7e-m+fp/hard\libc_nano.a(libc_a-nano-svfprintf.o)
                0x0800b7a4                _svfiprintf_r
                0x0800b7a4                _svfprintf_r
 .text._printf_common
                0x0800b99c       0xda C:/ST/STM32CubeIDE_1.18.0/STM32CubeIDE/plugins/com.st.stm32cube.ide.mcu.externaltools.gnu-tools-for-stm32.13.3.rel1.win32_1.0.0.202411081344/tools/bin/../lib/gcc/arm-none-eabi/13.3.1/../../../../arm-none-eabi/lib/thumb/v7e-m+fp/hard\libc_nano.a(libc_a-nano-vfprintf_i.o)
                0x0800b99c                _printf_common
 *fill*         0x0800ba76        0x2 
 .text._printf_i
                0x0800ba78      0x23c C:/ST/STM32CubeIDE_1.18.0/STM32CubeIDE/plugins/com.st.stm32cube.ide.mcu.externaltools.gnu-tools-for-stm32.13.3.rel1.win32_1.0.0.202411081344/tools/bin/../lib/gcc/arm-none-eabi/13.3.1/../../../../arm-none-eabi/lib/thumb/v7e-m+fp/hard\libc_nano.a(libc_a-nano-vfprintf_i.o)
                0x0800ba78                _printf_i
 .text.memmove  0x0800bcb4       0x34 C:/ST/STM32CubeIDE_1.18.0/STM32CubeIDE/plugins/com.st.stm32cube.ide.mcu.externaltools.gnu-tools-for-stm32.13.3.rel1.win32_1.0.0.202411081344/tools/bin/../lib/gcc/arm-none-eabi/13.3.1/../../../../arm-none-eabi/lib/thumb/v7e-m+fp/hard\libc_nano.a(libc_a-memmove.o)
                0x0800bcb4                memmove
 .text._sbrk_r  0x0800bce8       0x20 C:/ST/STM32CubeIDE_1.18.0/STM32CubeIDE/plugins/com.st.stm32cube.ide.mcu.externaltools.gnu-tools-for-stm32.13.3.rel1.win32_1.0.0.202411081344/tools/bin/../lib/gcc/arm-none-eabi/13.3.1/../../../../arm-none-eabi/lib/thumb/v7e-m+fp/hard\libc_nano.a(libc_a-sbrkr.o)
                0x0800bce8                _sbrk_r
 .text.memcpy   0x0800bd08       0x1c C:/ST/STM32CubeIDE_1.18.0/STM32CubeIDE/plugins/com.st.stm32cube.ide.mcu.externaltools.gnu-tools-for-stm32.13.3.rel1.win32_1.0.0.202411081344/tools/bin/../lib/gcc/arm-none-eabi/13.3.1/../../../../arm-none-eabi/lib/thumb/v7e-m+fp/hard\libc_nano.a(libc_a-memcpy-stub.o)
                0x0800bd08                memcpy
 .text._realloc_r
                0x0800bd24       0x5c C:/ST/STM32CubeIDE_1.18.0/STM32CubeIDE/plugins/com.st.stm32cube.ide.mcu.externaltools.gnu-tools-for-stm32.13.3.rel1.win32_1.0.0.202411081344/tools/bin/../lib/gcc/arm-none-eabi/13.3.1/../../../../arm-none-eabi/lib/thumb/v7e-m+fp/hard\libc_nano.a(libc_a-reallocr.o)
                0x0800bd24                _realloc_r
 .text._malloc_usable_size_r
                0x0800bd80       0x10 C:/ST/STM32CubeIDE_1.18.0/STM32CubeIDE/plugins/com.st.stm32cube.ide.mcu.externaltools.gnu-tools-for-stm32.13.3.rel1.win32_1.0.0.202411081344/tools/bin/../lib/gcc/arm-none-eabi/13.3.1/../../../../arm-none-eabi/lib/thumb/v7e-m+fp/hard\libc_nano.a(libc_a-msizer.o)
                0x0800bd80                _malloc_usable_size_r
 .text.sqrtf    0x0800bd90       0x3c C:/ST/STM32CubeIDE_1.18.0/STM32CubeIDE/plugins/com.st.stm32cube.ide.mcu.externaltools.gnu-tools-for-stm32.13.3.rel1.win32_1.0.0.202411081344/tools/bin/../lib/gcc/arm-none-eabi/13.3.1/../../../../arm-none-eabi/lib/thumb/v7e-m+fp/hard\libm.a(libm_a-wf_sqrt.o)
                0x0800bd90                sqrtf
 .text.__ieee754_sqrtf
                0x0800bdcc        0x6 C:/ST/STM32CubeIDE_1.18.0/STM32CubeIDE/plugins/com.st.stm32cube.ide.mcu.externaltools.gnu-tools-for-stm32.13.3.rel1.win32_1.0.0.202411081344/tools/bin/../lib/gcc/arm-none-eabi/13.3.1/../../../../arm-none-eabi/lib/thumb/v7e-m+fp/hard\libm.a(libm_a-ef_sqrt.o)
                0x0800bdcc                __ieee754_sqrtf
 *(.glue_7)
 .glue_7        0x0800bdd2        0x0 linker stubs
 *(.glue_7t)
 .glue_7t       0x0800bdd2        0x0 linker stubs
 *(.eh_frame)
 *fill*         0x0800bdd2        0x2 
 .eh_frame      0x0800bdd4        0x0 C:/ST/STM32CubeIDE_1.18.0/STM32CubeIDE/plugins/com.st.stm32cube.ide.mcu.externaltools.gnu-tools-for-stm32.13.3.rel1.win32_1.0.0.202411081344/tools/bin/../lib/gcc/arm-none-eabi/13.3.1/thumb/v7e-m+fp/hard/crtbegin.o
 *(.init)
 .init          0x0800bdd4        0x4 C:/ST/STM32CubeIDE_1.18.0/STM32CubeIDE/plugins/com.st.stm32cube.ide.mcu.externaltools.gnu-tools-for-stm32.13.3.rel1.win32_1.0.0.202411081344/tools/bin/../lib/gcc/arm-none-eabi/13.3.1/thumb/v7e-m+fp/hard/crti.o
                0x0800bdd4                _init
 .init          0x0800bdd8        0x8 C:/ST/STM32CubeIDE_1.18.0/STM32CubeIDE/plugins/com.st.stm32cube.ide.mcu.externaltools.gnu-tools-for-stm32.13.3.rel1.win32_1.0.0.202411081344/tools/bin/../lib/gcc/arm-none-eabi/13.3.1/thumb/v7e-m+fp/hard/crtn.o
 *(.fini)
 .fini          0x0800bde0        0x4 C:/ST/STM32CubeIDE_1.18.0/STM32CubeIDE/plugins/com.st.stm32cube.ide.mcu.externaltools.gnu-tools-for-stm32.13.3.rel1.win32_1.0.0.202411081344/tools/bin/../lib/gcc/arm-none-eabi/13.3.1/thumb/v7e-m+fp/hard/crti.o
                0x0800bde0                _fini
 .fini          0x0800bde4        0x8 C:/ST/STM32CubeIDE_1.18.0/STM32CubeIDE/plugins/com.st.stm32cube.ide.mcu.externaltools.gnu-tools-for-stm32.13.3.rel1.win32_1.0.0.202411081344/tools/bin/../lib/gcc/arm-none-eabi/13.3.1/thumb/v7e-m+fp/hard/crtn.o
                0x0800bdec                        . = ALIGN (0x4)
                0x0800bdec                        _etext = .

.vfp11_veneer   0x0800bdec        0x0
 .vfp11_veneer  0x0800bdec        0x0 linker stubs

.v4_bx          0x0800bdec        0x0
 .v4_bx         0x0800bdec        0x0 linker stubs

.iplt           0x0800bdec        0x0
 .iplt          0x0800bdec        0x0 C:/ST/STM32CubeIDE_1.18.0/STM32CubeIDE/plugins/com.st.stm32cube.ide.mcu.externaltools.gnu-tools-for-stm32.13.3.rel1.win32_1.0.0.202411081344/tools/bin/../lib/gcc/arm-none-eabi/13.3.1/thumb/v7e-m+fp/hard/crtbegin.o

.rodata         0x0800bdec    0x1ff7c
                0x0800bdec                        . = ALIGN (0x4)
 *(.rodata)
 .rodata        0x0800bdec       0x27 ./App/App/app.o
 *fill*         0x0800be13        0x1 
 .rodata        0x0800be14       0x72 ./Drivers/LCD/lcd.o
 *fill*         0x0800be86        0x2 
 .rodata        0x0800be88      0x216 ./Drivers/LCD/ui.o
 *(.rodata*)
 *fill*         0x0800c09e        0x2 
 .rodata.AHBPrescTable
                0x0800c0a0       0x10 ./Core/Src/system_stm32f4xx.o
                0x0800c0a0                AHBPrescTable
 .rodata.APBPrescTable
                0x0800c0b0        0x8 ./Core/Src/system_stm32f4xx.o
                0x0800c0b0                APBPrescTable
 .rodata.twiddleCoef_16
                0x0800c0b8       0x80 ./Drivers/CMSIS_DSP/Source/arm_common_tables.o
                0x0800c0b8                twiddleCoef_16
 .rodata.twiddleCoef_32
                0x0800c138      0x100 ./Drivers/CMSIS_DSP/Source/arm_common_tables.o
                0x0800c138                twiddleCoef_32
 .rodata.twiddleCoef_64
                0x0800c238      0x200 ./Drivers/CMSIS_DSP/Source/arm_common_tables.o
                0x0800c238                twiddleCoef_64
 .rodata.twiddleCoef_128
                0x0800c438      0x400 ./Drivers/CMSIS_DSP/Source/arm_common_tables.o
                0x0800c438                twiddleCoef_128
 .rodata.twiddleCoef_256
                0x0800c838      0x800 ./Drivers/CMSIS_DSP/Source/arm_common_tables.o
                0x0800c838                twiddleCoef_256
 .rodata.twiddleCoef_512
                0x0800d038     0x1000 ./Drivers/CMSIS_DSP/Source/arm_common_tables.o
                0x0800d038                twiddleCoef_512
 .rodata.twiddleCoef_1024
                0x0800e038     0x2000 ./Drivers/CMSIS_DSP/Source/arm_common_tables.o
                0x0800e038                twiddleCoef_1024
 .rodata.twiddleCoef_2048
                0x08010038     0x4000 ./Drivers/CMSIS_DSP/Source/arm_common_tables.o
                0x08010038                twiddleCoef_2048
 .rodata.twiddleCoef_4096
                0x08014038     0x8000 ./Drivers/CMSIS_DSP/Source/arm_common_tables.o
                0x08014038                twiddleCoef_4096
 .rodata.armBitRevIndexTable16
                0x0801c038       0x28 ./Drivers/CMSIS_DSP/Source/arm_common_tables.o
                0x0801c038                armBitRevIndexTable16
 .rodata.armBitRevIndexTable32
                0x0801c060       0x60 ./Drivers/CMSIS_DSP/Source/arm_common_tables.o
                0x0801c060                armBitRevIndexTable32
 .rodata.armBitRevIndexTable64
                0x0801c0c0       0x70 ./Drivers/CMSIS_DSP/Source/arm_common_tables.o
                0x0801c0c0                armBitRevIndexTable64
 .rodata.armBitRevIndexTable128
                0x0801c130      0x1a0 ./Drivers/CMSIS_DSP/Source/arm_common_tables.o
                0x0801c130                armBitRevIndexTable128
 .rodata.armBitRevIndexTable256
                0x0801c2d0      0x370 ./Drivers/CMSIS_DSP/Source/arm_common_tables.o
                0x0801c2d0                armBitRevIndexTable256
 .rodata.armBitRevIndexTable512
                0x0801c640      0x380 ./Drivers/CMSIS_DSP/Source/arm_common_tables.o
                0x0801c640                armBitRevIndexTable512
 .rodata.armBitRevIndexTable1024
                0x0801c9c0      0xe10 ./Drivers/CMSIS_DSP/Source/arm_common_tables.o
                0x0801c9c0                armBitRevIndexTable1024
 .rodata.armBitRevIndexTable2048
                0x0801d7d0     0x1dc0 ./Drivers/CMSIS_DSP/Source/arm_common_tables.o
                0x0801d7d0                armBitRevIndexTable2048
 .rodata.armBitRevIndexTable4096
                0x0801f590     0x1f80 ./Drivers/CMSIS_DSP/Source/arm_common_tables.o
                0x0801f590                armBitRevIndexTable4096
 .rodata.twiddleCoef_rfft_32
                0x08021510       0x80 ./Drivers/CMSIS_DSP/Source/arm_common_tables.o
                0x08021510                twiddleCoef_rfft_32
 .rodata.twiddleCoef_rfft_64
                0x08021590      0x100 ./Drivers/CMSIS_DSP/Source/arm_common_tables.o
                0x08021590                twiddleCoef_rfft_64
 .rodata.twiddleCoef_rfft_128
                0x08021690      0x200 ./Drivers/CMSIS_DSP/Source/arm_common_tables.o
                0x08021690                twiddleCoef_rfft_128
 .rodata.twiddleCoef_rfft_256
                0x08021890      0x400 ./Drivers/CMSIS_DSP/Source/arm_common_tables.o
                0x08021890                twiddleCoef_rfft_256
 .rodata.twiddleCoef_rfft_512
                0x08021c90      0x800 ./Drivers/CMSIS_DSP/Source/arm_common_tables.o
                0x08021c90                twiddleCoef_rfft_512
 .rodata.twiddleCoef_rfft_1024
                0x08022490     0x1000 ./Drivers/CMSIS_DSP/Source/arm_common_tables.o
                0x08022490                twiddleCoef_rfft_1024
 .rodata.twiddleCoef_rfft_2048
                0x08023490     0x2000 ./Drivers/CMSIS_DSP/Source/arm_common_tables.o
                0x08023490                twiddleCoef_rfft_2048
 .rodata.twiddleCoef_rfft_4096
                0x08025490     0x4000 ./Drivers/CMSIS_DSP/Source/arm_common_tables.o
                0x08025490                twiddleCoef_rfft_4096
 .rodata.arm_cfft_sR_f32_len16
                0x08029490       0x10 ./Drivers/CMSIS_DSP/Source/arm_const_structs.o
                0x08029490                arm_cfft_sR_f32_len16
 .rodata.arm_cfft_sR_f32_len32
                0x080294a0       0x10 ./Drivers/CMSIS_DSP/Source/arm_const_structs.o
                0x080294a0                arm_cfft_sR_f32_len32
 .rodata.arm_cfft_sR_f32_len64
                0x080294b0       0x10 ./Drivers/CMSIS_DSP/Source/arm_const_structs.o
                0x080294b0                arm_cfft_sR_f32_len64
 .rodata.arm_cfft_sR_f32_len128
                0x080294c0       0x10 ./Drivers/CMSIS_DSP/Source/arm_const_structs.o
                0x080294c0                arm_cfft_sR_f32_len128
 .rodata.arm_cfft_sR_f32_len256
                0x080294d0       0x10 ./Drivers/CMSIS_DSP/Source/arm_const_structs.o
                0x080294d0                arm_cfft_sR_f32_len256
 .rodata.arm_cfft_sR_f32_len512
                0x080294e0       0x10 ./Drivers/CMSIS_DSP/Source/arm_const_structs.o
                0x080294e0                arm_cfft_sR_f32_len512
 .rodata.arm_cfft_sR_f32_len1024
                0x080294f0       0x10 ./Drivers/CMSIS_DSP/Source/arm_const_structs.o
                0x080294f0                arm_cfft_sR_f32_len1024
 .rodata.arm_cfft_sR_f32_len2048
                0x08029500       0x10 ./Drivers/CMSIS_DSP/Source/arm_const_structs.o
                0x08029500                arm_cfft_sR_f32_len2048
 .rodata.arm_cfft_sR_f32_len4096
                0x08029510       0x10 ./Drivers/CMSIS_DSP/Source/arm_const_structs.o
                0x08029510                arm_cfft_sR_f32_len4096
 .rodata.Font7x10
                0x08029520      0x76c ./Drivers/Fonts/fonts.o
 .rodata.Font11x18
                0x08029c8c      0xd5c ./Drivers/Fonts/fonts.o
 .rodata.Font16x26
                0x0802a9e8     0x134c ./Drivers/Fonts/fonts.o
 .rodata._svfprintf_r.str1.1
                0x0802bd34       0x33 C:/ST/STM32CubeIDE_1.18.0/STM32CubeIDE/plugins/com.st.stm32cube.ide.mcu.externaltools.gnu-tools-for-stm32.13.3.rel1.win32_1.0.0.202411081344/tools/bin/../lib/gcc/arm-none-eabi/13.3.1/../../../../arm-none-eabi/lib/thumb/v7e-m+fp/hard\libc_nano.a(libc_a-nano-svfprintf.o)
                                 0x11 (size before relaxing)
 .rodata._printf_i.str1.1
                0x0802bd67       0x22 C:/ST/STM32CubeIDE_1.18.0/STM32CubeIDE/plugins/com.st.stm32cube.ide.mcu.externaltools.gnu-tools-for-stm32.13.3.rel1.win32_1.0.0.202411081344/tools/bin/../lib/gcc/arm-none-eabi/13.3.1/../../../../arm-none-eabi/lib/thumb/v7e-m+fp/hard\libc_nano.a(libc_a-nano-vfprintf_i.o)
                0x0802bd8c                        . = ALIGN (0x4)
 *fill*         0x0802bd67        0x1 

.ARM.extab      0x0802bd68        0x0
                0x0802bd68                        . = ALIGN (0x4)
 *(.ARM.extab* .gnu.linkonce.armextab.*)
                0x0802bd68                        . = ALIGN (0x4)

.ARM            0x0802bd68        0x8
                0x0802bd68                        . = ALIGN (0x4)
                0x0802bd68                        __exidx_start = .
 *(.ARM.exidx*)
 .ARM.exidx     0x0802bd68        0x8 C:/ST/STM32CubeIDE_1.18.0/STM32CubeIDE/plugins/com.st.stm32cube.ide.mcu.externaltools.gnu-tools-for-stm32.13.3.rel1.win32_1.0.0.202411081344/tools/bin/../lib/gcc/arm-none-eabi/13.3.1/../../../../arm-none-eabi/lib/thumb/v7e-m+fp/hard\libc_nano.a(libc_a-strcmp.o)
 .ARM.exidx     0x0802bd70        0x0 C:/ST/STM32CubeIDE_1.18.0/STM32CubeIDE/plugins/com.st.stm32cube.ide.mcu.externaltools.gnu-tools-for-stm32.13.3.rel1.win32_1.0.0.202411081344/tools/bin/../lib/gcc/arm-none-eabi/13.3.1/../../../../arm-none-eabi/lib/thumb/v7e-m+fp/hard\libc_nano.a(libc_a-memchr.o)
                                  0x8 (size before relaxing)
 .ARM.exidx     0x0802bd70        0x0 C:/ST/STM32CubeIDE_1.18.0/STM32CubeIDE/plugins/com.st.stm32cube.ide.mcu.externaltools.gnu-tools-for-stm32.13.3.rel1.win32_1.0.0.202411081344/tools/bin/../lib/gcc/arm-none-eabi/13.3.1/thumb/v7e-m+fp/hard\libgcc.a(_udivmoddi4.o)
                                  0x8 (size before relaxing)
                0x0802bd70                        __exidx_end = .
                0x0802bd70                        . = ALIGN (0x4)

.preinit_array  0x0802bd70        0x0
                0x0802bd70                        . = ALIGN (0x4)
                0x0802bd70                        PROVIDE (__preinit_array_start = .)
 *(.preinit_array*)
                0x0802bd70                        PROVIDE (__preinit_array_end = .)
                0x0802bd70                        . = ALIGN (0x4)

.init_array     0x0802bd70        0x4
                0x0802bd70                        . = ALIGN (0x4)
                0x0802bd70                        PROVIDE (__init_array_start = .)
 *(SORT_BY_NAME(.init_array.*))
 *(.init_array*)
 .init_array    0x0802bd70        0x4 C:/ST/STM32CubeIDE_1.18.0/STM32CubeIDE/plugins/com.st.stm32cube.ide.mcu.externaltools.gnu-tools-for-stm32.13.3.rel1.win32_1.0.0.202411081344/tools/bin/../lib/gcc/arm-none-eabi/13.3.1/thumb/v7e-m+fp/hard/crtbegin.o
                0x0802bd74                        PROVIDE (__init_array_end = .)
                0x0802bd74                        . = ALIGN (0x4)

.fini_array     0x0802bd74        0x4
                0x0802bd74                        . = ALIGN (0x4)
                [!provide]                        PROVIDE (__fini_array_start = .)
 *(SORT_BY_NAME(.fini_array.*))
 *(.fini_array*)
 .fini_array    0x0802bd74        0x4 C:/ST/STM32CubeIDE_1.18.0/STM32CubeIDE/plugins/com.st.stm32cube.ide.mcu.externaltools.gnu-tools-for-stm32.13.3.rel1.win32_1.0.0.202411081344/tools/bin/../lib/gcc/arm-none-eabi/13.3.1/thumb/v7e-m+fp/hard/crtbegin.o
                [!provide]                        PROVIDE (__fini_array_end = .)
                0x0802bd78                        . = ALIGN (0x4)
                0x0802bd78                        _sidata = LOADADDR (.data)

.rel.dyn        0x0802bd78        0x0
 .rel.iplt      0x0802bd78        0x0 C:/ST/STM32CubeIDE_1.18.0/STM32CubeIDE/plugins/com.st.stm32cube.ide.mcu.externaltools.gnu-tools-for-stm32.13.3.rel1.win32_1.0.0.202411081344/tools/bin/../lib/gcc/arm-none-eabi/13.3.1/thumb/v7e-m+fp/hard/crtbegin.o

.data           0x20000000       0x80 load address 0x0802bd78
                0x20000000                        . = ALIGN (0x4)
                0x20000000                        _sdata = .
 *(.data)
 *(.data*)
 .data.prev_selected
                0x20000000        0x1 ./App/App/app.o
 .data.prev_state.0
                0x20000001        0x1 ./App/App/app.o
 *fill*         0x20000002        0x2 
 .data.SystemCoreClock
                0x20000004        0x4 ./Core/Src/system_stm32f4xx.o
                0x20000004                SystemCoreClock
 .data.Font_7x10
                0x20000008        0x8 ./Drivers/Fonts/fonts.o
                0x20000008                Font_7x10
 .data.Font_11x18
                0x20000010        0x8 ./Drivers/Fonts/fonts.o
                0x20000010                Font_11x18
 .data.Font_16x26
                0x20000018        0x8 ./Drivers/Fonts/fonts.o
                0x20000018                Font_16x26
 .data.prev_gauge
                0x20000020        0x4 ./Drivers/LCD/lcd.o
 .data.prev.0   0x20000024        0x4 ./Drivers/LCD/lcd.o
 .data.uwTickPrio
                0x20000028        0x4 ./Drivers/STM32F4xx_HAL_Driver/Src/stm32f4xx_hal.o
                0x20000028                uwTickPrio
 .data.uwTickFreq
                0x2000002c        0x1 ./Drivers/STM32F4xx_HAL_Driver/Src/stm32f4xx_hal.o
                0x2000002c                uwTickFreq
 *fill*         0x2000002d        0x3 
 .data._impure_ptr
                0x20000030        0x4 C:/ST/STM32CubeIDE_1.18.0/STM32CubeIDE/plugins/com.st.stm32cube.ide.mcu.externaltools.gnu-tools-for-stm32.13.3.rel1.win32_1.0.0.202411081344/tools/bin/../lib/gcc/arm-none-eabi/13.3.1/../../../../arm-none-eabi/lib/thumb/v7e-m+fp/hard\libc_nano.a(libc_a-impure.o)
                0x20000030                _impure_ptr
 .data._impure_data
                0x20000034       0x4c C:/ST/STM32CubeIDE_1.18.0/STM32CubeIDE/plugins/com.st.stm32cube.ide.mcu.externaltools.gnu-tools-for-stm32.13.3.rel1.win32_1.0.0.202411081344/tools/bin/../lib/gcc/arm-none-eabi/13.3.1/../../../../arm-none-eabi/lib/thumb/v7e-m+fp/hard\libc_nano.a(libc_a-impure.o)
                0x20000034                _impure_data
 *(.RamFunc)
 *(.RamFunc*)
                0x20000080                        . = ALIGN (0x4)
                0x20000080                        _edata = .
                0x0802bdf8                        _siccmram = LOADADDR (.ccmram)

.igot.plt       0x20000080        0x0 load address 0x0802bdf8
 .igot.plt      0x20000080        0x0 C:/ST/STM32CubeIDE_1.18.0/STM32CubeIDE/plugins/com.st.stm32cube.ide.mcu.externaltools.gnu-tools-for-stm32.13.3.rel1.win32_1.0.0.202411081344/tools/bin/../lib/gcc/arm-none-eabi/13.3.1/thumb/v7e-m+fp/hard/crtbegin.o

.ccmram         0x10000000        0x0 load address 0x0802bdf8
                0x10000000                        . = ALIGN (0x4)
                0x10000000                        _sccmram = .
 *(.ccmram)
 *(.ccmram*)
                0x10000000                        . = ALIGN (0x4)
                0x10000000                        _eccmram = .
                0x10000000                        . = ALIGN (0x4)

.bss            0x20000080     0x17b8
                0x20000080                        _sbss = .
                0x20000080                        __bss_start__ = _sbss
 *(.bss)
 .bss           0x20000080       0x1c C:/ST/STM32CubeIDE_1.18.0/STM32CubeIDE/plugins/com.st.stm32cube.ide.mcu.externaltools.gnu-tools-for-stm32.13.3.rel1.win32_1.0.0.202411081344/tools/bin/../lib/gcc/arm-none-eabi/13.3.1/thumb/v7e-m+fp/hard/crtbegin.o
 *(.bss*)
 .bss.state     0x2000009c        0x1 ./App/App/app.o
 .bss.menu_index
                0x2000009d        0x1 ./App/App/app.o
 *fill*         0x2000009e        0x2 
 .bss.error_count
                0x200000a0        0x4 ./App/App/app.o
 .bss.settings_index
                0x200000a4        0x1 ./App/App/app.o
 .bss.pc_state  0x200000a5        0x1 ./App/App/app.o
 *fill*         0x200000a6        0x2 
 .bss.cmd_buf   0x200000a8       0x32 ./App/App/app.o
                0x200000a8                cmd_buf
 .bss.cmd_ready
                0x200000da        0x1 ./App/App/app.o
                0x200000da                cmd_ready
 *fill*         0x200000db        0x1 
 .bss.state_start_time
                0x200000dc        0x4 ./App/App/app.o
 .bss.measure_phase
                0x200000e0        0x1 ./App/App/app.o
 .bss.save_phase
                0x200000e1        0x1 ./App/App/app.o
 .bss.load_phase
                0x200000e2        0x1 ./App/App/app.o
 .bss.selected_slot
                0x200000e3        0x1 ./App/App/app.o
 .bss.slot_used
                0x200000e4        0xa ./App/App/app.o
 *fill*         0x200000ee        0x2 
 .bss.fft_skip_count
                0x200000f0        0x4 ./App/App/app.o
 .bss.fft_done_count
                0x200000f4        0x4 ./App/App/app.o
 .bss.save_fft_sum
                0x200000f8      0x200 ./App/App/app.o
 .bss.save_fft_avg
                0x200002f8      0x200 ./App/App/app.o
 .bss.load_fft_data
                0x200004f8      0x200 ./App/App/app.o
 .bss.live_fft_sum
                0x200006f8      0x200 ./App/App/app.o
 .bss.live_fft_avg
                0x200008f8      0x200 ./App/App/app.o
 .bss.live_fft_count
                0x20000af8        0x4 ./App/App/app.o
 .bss.fft       0x20000afc       0x18 ./App/Processing/fft_process.o
 .bss.fft_input
                0x20000b14      0x400 ./App/Processing/fft_process.o
 .bss.fft_output
                0x20000f14      0x400 ./App/Processing/fft_process.o
 .bss.mag_fft   0x20001314      0x200 ./App/Processing/fft_process.o
 .bss.sample_index
                0x20001514        0x2 ./App/Processing/fft_process.o
 .bss.fft_ready
                0x20001516        0x1 ./App/Processing/fft_process.o
 *fill*         0x20001517        0x1 
 .bss.peak_freq
                0x20001518        0x4 ./App/Processing/fft_process.o
 .bss.peak_index
                0x2000151c        0x4 ./App/Processing/fft_process.o
 .bss.peak_value
                0x20001520        0x4 ./App/Processing/fft_process.o
 .bss.g_settings
                0x20001524        0xc ./App/SETTING/settings.o
                0x20001524                g_settings
 .bss.rx_byte   0x20001530        0x1 ./Core/Src/main.o
                0x20001530                rx_byte
 .bss.rx_index  0x20001531        0x1 ./Core/Src/main.o
 *fill*         0x20001532        0x2 
 .bss.hi2c1     0x20001534       0x54 ./Core/Src/main.o
                0x20001534                hi2c1
 .bss.hspi1     0x20001588       0x58 ./Core/Src/main.o
                0x20001588                hspi1
 .bss.htim3     0x200015e0       0x48 ./Core/Src/main.o
                0x200015e0                htim3
 .bss.huart1    0x20001628       0x48 ./Core/Src/main.o
                0x20001628                huart1
 .bss.hsram1    0x20001670       0x50 ./Core/Src/main.o
                0x20001670                hsram1
 .bss.x         0x200016c0        0x2 ./Core/Src/main.o
                0x200016c0                x
 .bss.y         0x200016c2        0x2 ./Core/Src/main.o
                0x200016c2                y
 .bss.z         0x200016c4        0x2 ./Core/Src/main.o
                0x200016c4                z
 *fill*         0x200016c6        0x2 
 .bss.FSMC_Initialized
                0x200016c8        0x4 ./Core/Src/stm32f4xx_hal_msp.o
 .bss.__sbrk_heap_end
                0x200016cc        0x4 ./Core/Src/sysmem.o
 .bss.adxl_sample_flag
                0x200016d0        0x1 ./Drivers/ADXL345/adxl345.o
                0x200016d0                adxl_sample_flag
 *fill*         0x200016d1        0x3 
 .bss.last_time
                0x200016d4        0x4 ./Drivers/BSP/button.o
 .bss.prev_state
                0x200016d8        0x4 ./Drivers/BSP/button.o
 .bss.select_press_time
                0x200016dc        0x4 ./Drivers/BSP/button.o
 .bss.select_pressed
                0x200016e0        0x1 ./Drivers/BSP/button.o
 *fill*         0x200016e1        0x3 
 .bss.last_time.1
                0x200016e4        0x4 ./Drivers/LCD/ui.o
 .bss.dot.0     0x200016e8        0x1 ./Drivers/LCD/ui.o
 *fill*         0x200016e9        0x3 
 .bss.uwTick    0x200016ec        0x4 ./Drivers/STM32F4xx_HAL_Driver/Src/stm32f4xx_hal.o
                0x200016ec                uwTick
 .bss.__sf      0x200016f0      0x138 C:/ST/STM32CubeIDE_1.18.0/STM32CubeIDE/plugins/com.st.stm32cube.ide.mcu.externaltools.gnu-tools-for-stm32.13.3.rel1.win32_1.0.0.202411081344/tools/bin/../lib/gcc/arm-none-eabi/13.3.1/../../../../arm-none-eabi/lib/thumb/v7e-m+fp/hard\libc_nano.a(libc_a-findfp.o)
                0x200016f0                __sf
 .bss.errno     0x20001828        0x4 C:/ST/STM32CubeIDE_1.18.0/STM32CubeIDE/plugins/com.st.stm32cube.ide.mcu.externaltools.gnu-tools-for-stm32.13.3.rel1.win32_1.0.0.202411081344/tools/bin/../lib/gcc/arm-none-eabi/13.3.1/../../../../arm-none-eabi/lib/thumb/v7e-m+fp/hard\libc_nano.a(libc_a-reent.o)
                0x20001828                errno
 .bss.__lock___malloc_recursive_mutex
                0x2000182c        0x1 C:/ST/STM32CubeIDE_1.18.0/STM32CubeIDE/plugins/com.st.stm32cube.ide.mcu.externaltools.gnu-tools-for-stm32.13.3.rel1.win32_1.0.0.202411081344/tools/bin/../lib/gcc/arm-none-eabi/13.3.1/../../../../arm-none-eabi/lib/thumb/v7e-m+fp/hard\libc_nano.a(libc_a-lock.o)
                0x2000182c                __lock___malloc_recursive_mutex
 *fill*         0x2000182d        0x3 
 .bss.__malloc_sbrk_start
                0x20001830        0x4 C:/ST/STM32CubeIDE_1.18.0/STM32CubeIDE/plugins/com.st.stm32cube.ide.mcu.externaltools.gnu-tools-for-stm32.13.3.rel1.win32_1.0.0.202411081344/tools/bin/../lib/gcc/arm-none-eabi/13.3.1/../../../../arm-none-eabi/lib/thumb/v7e-m+fp/hard\libc_nano.a(libc_a-mallocr.o)
                0x20001830                __malloc_sbrk_start
 .bss.__malloc_free_list
                0x20001834        0x4 C:/ST/STM32CubeIDE_1.18.0/STM32CubeIDE/plugins/com.st.stm32cube.ide.mcu.externaltools.gnu-tools-for-stm32.13.3.rel1.win32_1.0.0.202411081344/tools/bin/../lib/gcc/arm-none-eabi/13.3.1/../../../../arm-none-eabi/lib/thumb/v7e-m+fp/hard\libc_nano.a(libc_a-mallocr.o)
                0x20001834                __malloc_free_list
 *(COMMON)
                0x20001838                        . = ALIGN (0x4)
                0x20001838                        _ebss = .
                0x20001838                        __bss_end__ = _ebss

._user_heap_stack
                0x20001838      0x600
                0x20001838                        . = ALIGN (0x8)
                [!provide]                        PROVIDE (end = .)
                0x20001838                        PROVIDE (_end = .)
                0x20001a38                        . = (. + _Min_Heap_Size)
 *fill*         0x20001838      0x200 
                0x20001e38                        . = (. + _Min_Stack_Size)
 *fill*         0x20001a38      0x400 
                0x20001e38                        . = ALIGN (0x8)

/DISCARD/
 libc.a(*)
 libm.a(*)
 libgcc.a(*)

.ARM.attributes
                0x00000000       0x30
 *(.ARM.attributes)
 .ARM.attributes
                0x00000000       0x22 C:/ST/STM32CubeIDE_1.18.0/STM32CubeIDE/plugins/com.st.stm32cube.ide.mcu.externaltools.gnu-tools-for-stm32.13.3.rel1.win32_1.0.0.202411081344/tools/bin/../lib/gcc/arm-none-eabi/13.3.1/thumb/v7e-m+fp/hard/crti.o
 .ARM.attributes
                0x00000022       0x34 C:/ST/STM32CubeIDE_1.18.0/STM32CubeIDE/plugins/com.st.stm32cube.ide.mcu.externaltools.gnu-tools-for-stm32.13.3.rel1.win32_1.0.0.202411081344/tools/bin/../lib/gcc/arm-none-eabi/13.3.1/thumb/v7e-m+fp/hard/crtbegin.o
 .ARM.attributes
                0x00000056       0x34 ./App/App/app.o
 .ARM.attributes
                0x0000008a       0x34 ./App/Processing/fft_process.o
 .ARM.attributes
                0x000000be       0x34 ./App/SETTING/settings.o
 .ARM.attributes
                0x000000f2       0x34 ./Core/Src/main.o
 .ARM.attributes
                0x00000126       0x34 ./Core/Src/stm32f4xx_hal_msp.o
 .ARM.attributes
                0x0000015a       0x34 ./Core/Src/stm32f4xx_it.o
 .ARM.attributes
                0x0000018e       0x34 ./Core/Src/sysmem.o
 .ARM.attributes
                0x000001c2       0x34 ./Core/Src/system_stm32f4xx.o
 .ARM.attributes
                0x000001f6       0x21 ./Core/Startup/startup_stm32f407vetx.o
 .ARM.attributes
                0x00000217       0x34 ./Drivers/ADXL345/adxl345.o
 .ARM.attributes
                0x0000024b       0x34 ./Drivers/BSP/button.o
 .ARM.attributes
                0x0000027f       0x34 ./Drivers/BSP/buzzer.o
 .ARM.attributes
                0x000002b3       0x34 ./Drivers/CMSIS_DSP/Source/arm_bitreversal2.o
 .ARM.attributes
                0x000002e7       0x34 ./Drivers/CMSIS_DSP/Source/arm_cfft_f32.o
 .ARM.attributes
                0x0000031b       0x34 ./Drivers/CMSIS_DSP/Source/arm_cfft_init_f32.o
 .ARM.attributes
                0x0000034f       0x34 ./Drivers/CMSIS_DSP/Source/arm_cfft_radix8_f32.o
 .ARM.attributes
                0x00000383       0x34 ./Drivers/CMSIS_DSP/Source/arm_common_tables.o
 .ARM.attributes
                0x000003b7       0x34 ./Drivers/CMSIS_DSP/Source/arm_const_structs.o
 .ARM.attributes
                0x000003eb       0x34 ./Drivers/CMSIS_DSP/Source/arm_rfft_fast_f32.o
 .ARM.attributes
                0x0000041f       0x34 ./Drivers/CMSIS_DSP/Source/arm_rfft_fast_init_f32.o
 .ARM.attributes
                0x00000453       0x34 ./Drivers/Flash/w25q16.o
 .ARM.attributes
                0x00000487       0x34 ./Drivers/Fonts/fonts.o
 .ARM.attributes
                0x000004bb       0x34 ./Drivers/LCD/ili9341.o
 .ARM.attributes
                0x000004ef       0x34 ./Drivers/LCD/lcd.o
 .ARM.attributes
                0x00000523       0x34 ./Drivers/LCD/lcd_text.o
 .ARM.attributes
                0x00000557       0x34 ./Drivers/LCD/ui.o
 .ARM.attributes
                0x0000058b       0x34 ./Drivers/STM32F4xx_HAL_Driver/Src/stm32f4xx_hal.o
 .ARM.attributes
                0x000005bf       0x34 ./Drivers/STM32F4xx_HAL_Driver/Src/stm32f4xx_hal_cortex.o
 .ARM.attributes
                0x000005f3       0x34 ./Drivers/STM32F4xx_HAL_Driver/Src/stm32f4xx_hal_dma.o
 .ARM.attributes
                0x00000627       0x34 ./Drivers/STM32F4xx_HAL_Driver/Src/stm32f4xx_hal_gpio.o
 .ARM.attributes
                0x0000065b       0x34 ./Drivers/STM32F4xx_HAL_Driver/Src/stm32f4xx_hal_i2c.o
 .ARM.attributes
                0x0000068f       0x34 ./Drivers/STM32F4xx_HAL_Driver/Src/stm32f4xx_hal_rcc.o
 .ARM.attributes
                0x000006c3       0x34 ./Drivers/STM32F4xx_HAL_Driver/Src/stm32f4xx_hal_spi.o
 .ARM.attributes
                0x000006f7       0x34 ./Drivers/STM32F4xx_HAL_Driver/Src/stm32f4xx_hal_sram.o
 .ARM.attributes
                0x0000072b       0x34 ./Drivers/STM32F4xx_HAL_Driver/Src/stm32f4xx_hal_tim.o
 .ARM.attributes
                0x0000075f       0x34 ./Drivers/STM32F4xx_HAL_Driver/Src/stm32f4xx_hal_tim_ex.o
 .ARM.attributes
                0x00000793       0x34 ./Drivers/STM32F4xx_HAL_Driver/Src/stm32f4xx_hal_uart.o
 .ARM.attributes
                0x000007c7       0x34 ./Drivers/STM32F4xx_HAL_Driver/Src/stm32f4xx_ll_fsmc.o
 .ARM.attributes
                0x000007fb       0x34 C:/ST/STM32CubeIDE_1.18.0/STM32CubeIDE/plugins/com.st.stm32cube.ide.mcu.externaltools.gnu-tools-for-stm32.13.3.rel1.win32_1.0.0.202411081344/tools/bin/../lib/gcc/arm-none-eabi/13.3.1/../../../../arm-none-eabi/lib/thumb/v7e-m+fp/hard\libc_nano.a(libc_a-findfp.o)
 .ARM.attributes
                0x0000082f       0x34 C:/ST/STM32CubeIDE_1.18.0/STM32CubeIDE/plugins/com.st.stm32cube.ide.mcu.externaltools.gnu-tools-for-stm32.13.3.rel1.win32_1.0.0.202411081344/tools/bin/../lib/gcc/arm-none-eabi/13.3.1/../../../../arm-none-eabi/lib/thumb/v7e-m+fp/hard\libc_nano.a(libc_a-sprintf.o)
 .ARM.attributes
                0x00000863       0x34 C:/ST/STM32CubeIDE_1.18.0/STM32CubeIDE/plugins/com.st.stm32cube.ide.mcu.externaltools.gnu-tools-for-stm32.13.3.rel1.win32_1.0.0.202411081344/tools/bin/../lib/gcc/arm-none-eabi/13.3.1/../../../../arm-none-eabi/lib/thumb/v7e-m+fp/hard\libc_nano.a(libc_a-memset.o)
 .ARM.attributes
                0x00000897       0x34 C:/ST/STM32CubeIDE_1.18.0/STM32CubeIDE/plugins/com.st.stm32cube.ide.mcu.externaltools.gnu-tools-for-stm32.13.3.rel1.win32_1.0.0.202411081344/tools/bin/../lib/gcc/arm-none-eabi/13.3.1/../../../../arm-none-eabi/lib/thumb/v7e-m+fp/hard\libc_nano.a(libc_a-reent.o)
 .ARM.attributes
                0x000008cb       0x34 C:/ST/STM32CubeIDE_1.18.0/STM32CubeIDE/plugins/com.st.stm32cube.ide.mcu.externaltools.gnu-tools-for-stm32.13.3.rel1.win32_1.0.0.202411081344/tools/bin/../lib/gcc/arm-none-eabi/13.3.1/../../../../arm-none-eabi/lib/thumb/v7e-m+fp/hard\libc_nano.a(libc_a-impure.o)
 .ARM.attributes
                0x000008ff       0x34 C:/ST/STM32CubeIDE_1.18.0/STM32CubeIDE/plugins/com.st.stm32cube.ide.mcu.externaltools.gnu-tools-for-stm32.13.3.rel1.win32_1.0.0.202411081344/tools/bin/../lib/gcc/arm-none-eabi/13.3.1/../../../../arm-none-eabi/lib/thumb/v7e-m+fp/hard\libc_nano.a(libc_a-errno.o)
 .ARM.attributes
                0x00000933       0x34 C:/ST/STM32CubeIDE_1.18.0/STM32CubeIDE/plugins/com.st.stm32cube.ide.mcu.externaltools.gnu-tools-for-stm32.13.3.rel1.win32_1.0.0.202411081344/tools/bin/../lib/gcc/arm-none-eabi/13.3.1/../../../../arm-none-eabi/lib/thumb/v7e-m+fp/hard\libc_nano.a(libc_a-init.o)
 .ARM.attributes
                0x00000967       0x34 C:/ST/STM32CubeIDE_1.18.0/STM32CubeIDE/plugins/com.st.stm32cube.ide.mcu.externaltools.gnu-tools-for-stm32.13.3.rel1.win32_1.0.0.202411081344/tools/bin/../lib/gcc/arm-none-eabi/13.3.1/../../../../arm-none-eabi/lib/thumb/v7e-m+fp/hard\libc_nano.a(libc_a-lock.o)
 .ARM.attributes
                0x0000099b       0x20 C:/ST/STM32CubeIDE_1.18.0/STM32CubeIDE/plugins/com.st.stm32cube.ide.mcu.externaltools.gnu-tools-for-stm32.13.3.rel1.win32_1.0.0.202411081344/tools/bin/../lib/gcc/arm-none-eabi/13.3.1/../../../../arm-none-eabi/lib/thumb/v7e-m+fp/hard\libc_nano.a(libc_a-strcmp.o)
 .ARM.attributes
                0x000009bb       0x34 C:/ST/STM32CubeIDE_1.18.0/STM32CubeIDE/plugins/com.st.stm32cube.ide.mcu.externaltools.gnu-tools-for-stm32.13.3.rel1.win32_1.0.0.202411081344/tools/bin/../lib/gcc/arm-none-eabi/13.3.1/../../../../arm-none-eabi/lib/thumb/v7e-m+fp/hard\libc_nano.a(libc_a-freer.o)
 .ARM.attributes
                0x000009ef       0x34 C:/ST/STM32CubeIDE_1.18.0/STM32CubeIDE/plugins/com.st.stm32cube.ide.mcu.externaltools.gnu-tools-for-stm32.13.3.rel1.win32_1.0.0.202411081344/tools/bin/../lib/gcc/arm-none-eabi/13.3.1/../../../../arm-none-eabi/lib/thumb/v7e-m+fp/hard\libc_nano.a(libc_a-mallocr.o)
 .ARM.attributes
                0x00000a23       0x34 C:/ST/STM32CubeIDE_1.18.0/STM32CubeIDE/plugins/com.st.stm32cube.ide.mcu.externaltools.gnu-tools-for-stm32.13.3.rel1.win32_1.0.0.202411081344/tools/bin/../lib/gcc/arm-none-eabi/13.3.1/../../../../arm-none-eabi/lib/thumb/v7e-m+fp/hard\libc_nano.a(libc_a-mlock.o)
 .ARM.attributes
                0x00000a57       0x34 C:/ST/STM32CubeIDE_1.18.0/STM32CubeIDE/plugins/com.st.stm32cube.ide.mcu.externaltools.gnu-tools-for-stm32.13.3.rel1.win32_1.0.0.202411081344/tools/bin/../lib/gcc/arm-none-eabi/13.3.1/../../../../arm-none-eabi/lib/thumb/v7e-m+fp/hard\libc_nano.a(libc_a-nano-svfprintf.o)
 .ARM.attributes
                0x00000a8b       0x34 C:/ST/STM32CubeIDE_1.18.0/STM32CubeIDE/plugins/com.st.stm32cube.ide.mcu.externaltools.gnu-tools-for-stm32.13.3.rel1.win32_1.0.0.202411081344/tools/bin/../lib/gcc/arm-none-eabi/13.3.1/../../../../arm-none-eabi/lib/thumb/v7e-m+fp/hard\libc_nano.a(libc_a-nano-vfprintf_i.o)
 .ARM.attributes
                0x00000abf       0x34 C:/ST/STM32CubeIDE_1.18.0/STM32CubeIDE/plugins/com.st.stm32cube.ide.mcu.externaltools.gnu-tools-for-stm32.13.3.rel1.win32_1.0.0.202411081344/tools/bin/../lib/gcc/arm-none-eabi/13.3.1/../../../../arm-none-eabi/lib/thumb/v7e-m+fp/hard\libc_nano.a(libc_a-memmove.o)
 .ARM.attributes
                0x00000af3       0x34 C:/ST/STM32CubeIDE_1.18.0/STM32CubeIDE/plugins/com.st.stm32cube.ide.mcu.externaltools.gnu-tools-for-stm32.13.3.rel1.win32_1.0.0.202411081344/tools/bin/../lib/gcc/arm-none-eabi/13.3.1/../../../../arm-none-eabi/lib/thumb/v7e-m+fp/hard\libc_nano.a(libc_a-sbrkr.o)
 .ARM.attributes
                0x00000b27       0x1c C:/ST/STM32CubeIDE_1.18.0/STM32CubeIDE/plugins/com.st.stm32cube.ide.mcu.externaltools.gnu-tools-for-stm32.13.3.rel1.win32_1.0.0.202411081344/tools/bin/../lib/gcc/arm-none-eabi/13.3.1/../../../../arm-none-eabi/lib/thumb/v7e-m+fp/hard\libc_nano.a(libc_a-memchr.o)
 .ARM.attributes
                0x00000b43       0x34 C:/ST/STM32CubeIDE_1.18.0/STM32CubeIDE/plugins/com.st.stm32cube.ide.mcu.externaltools.gnu-tools-for-stm32.13.3.rel1.win32_1.0.0.202411081344/tools/bin/../lib/gcc/arm-none-eabi/13.3.1/../../../../arm-none-eabi/lib/thumb/v7e-m+fp/hard\libc_nano.a(libc_a-memcpy-stub.o)
 .ARM.attributes
                0x00000b77       0x34 C:/ST/STM32CubeIDE_1.18.0/STM32CubeIDE/plugins/com.st.stm32cube.ide.mcu.externaltools.gnu-tools-for-stm32.13.3.rel1.win32_1.0.0.202411081344/tools/bin/../lib/gcc/arm-none-eabi/13.3.1/../../../../arm-none-eabi/lib/thumb/v7e-m+fp/hard\libc_nano.a(libc_a-reallocr.o)
 .ARM.attributes
                0x00000bab       0x34 C:/ST/STM32CubeIDE_1.18.0/STM32CubeIDE/plugins/com.st.stm32cube.ide.mcu.externaltools.gnu-tools-for-stm32.13.3.rel1.win32_1.0.0.202411081344/tools/bin/../lib/gcc/arm-none-eabi/13.3.1/../../../../arm-none-eabi/lib/thumb/v7e-m+fp/hard\libc_nano.a(libc_a-msizer.o)
 .ARM.attributes
                0x00000bdf       0x34 C:/ST/STM32CubeIDE_1.18.0/STM32CubeIDE/plugins/com.st.stm32cube.ide.mcu.externaltools.gnu-tools-for-stm32.13.3.rel1.win32_1.0.0.202411081344/tools/bin/../lib/gcc/arm-none-eabi/13.3.1/../../../../arm-none-eabi/lib/thumb/v7e-m+fp/hard\libm.a(libm_a-wf_sqrt.o)
 .ARM.attributes
                0x00000c13       0x34 C:/ST/STM32CubeIDE_1.18.0/STM32CubeIDE/plugins/com.st.stm32cube.ide.mcu.externaltools.gnu-tools-for-stm32.13.3.rel1.win32_1.0.0.202411081344/tools/bin/../lib/gcc/arm-none-eabi/13.3.1/../../../../arm-none-eabi/lib/thumb/v7e-m+fp/hard\libm.a(libm_a-ef_sqrt.o)
 .ARM.attributes
                0x00000c47       0x22 C:/ST/STM32CubeIDE_1.18.0/STM32CubeIDE/plugins/com.st.stm32cube.ide.mcu.externaltools.gnu-tools-for-stm32.13.3.rel1.win32_1.0.0.202411081344/tools/bin/../lib/gcc/arm-none-eabi/13.3.1/thumb/v7e-m+fp/hard\libgcc.a(_aeabi_uldivmod.o)
 .ARM.attributes
                0x00000c69       0x34 C:/ST/STM32CubeIDE_1.18.0/STM32CubeIDE/plugins/com.st.stm32cube.ide.mcu.externaltools.gnu-tools-for-stm32.13.3.rel1.win32_1.0.0.202411081344/tools/bin/../lib/gcc/arm-none-eabi/13.3.1/thumb/v7e-m+fp/hard\libgcc.a(_udivmoddi4.o)
 .ARM.attributes
                0x00000c9d       0x22 C:/ST/STM32CubeIDE_1.18.0/STM32CubeIDE/plugins/com.st.stm32cube.ide.mcu.externaltools.gnu-tools-for-stm32.13.3.rel1.win32_1.0.0.202411081344/tools/bin/../lib/gcc/arm-none-eabi/13.3.1/thumb/v7e-m+fp/hard\libgcc.a(_dvmd_tls.o)
 .ARM.attributes
                0x00000cbf       0x22 C:/ST/STM32CubeIDE_1.18.0/STM32CubeIDE/plugins/com.st.stm32cube.ide.mcu.externaltools.gnu-tools-for-stm32.13.3.rel1.win32_1.0.0.202411081344/tools/bin/../lib/gcc/arm-none-eabi/13.3.1/thumb/v7e-m+fp/hard/crtn.o
OUTPUT(VD_SYSTEM_PC.elf elf32-littlearm)
LOAD linker stubs
LOAD C:/ST/STM32CubeIDE_1.18.0/STM32CubeIDE/plugins/com.st.stm32cube.ide.mcu.externaltools.gnu-tools-for-stm32.13.3.rel1.win32_1.0.0.202411081344/tools/bin/../lib/gcc/arm-none-eabi/13.3.1/../../../../arm-none-eabi/lib/thumb/v7e-m+fp/hard\libc.a
LOAD C:/ST/STM32CubeIDE_1.18.0/STM32CubeIDE/plugins/com.st.stm32cube.ide.mcu.externaltools.gnu-tools-for-stm32.13.3.rel1.win32_1.0.0.202411081344/tools/bin/../lib/gcc/arm-none-eabi/13.3.1/../../../../arm-none-eabi/lib/thumb/v7e-m+fp/hard\libm.a
LOAD C:/ST/STM32CubeIDE_1.18.0/STM32CubeIDE/plugins/com.st.stm32cube.ide.mcu.externaltools.gnu-tools-for-stm32.13.3.rel1.win32_1.0.0.202411081344/tools/bin/../lib/gcc/arm-none-eabi/13.3.1/thumb/v7e-m+fp/hard\libgcc.a

.debug_info     0x00000000    0x1ae72
 .debug_info    0x00000000     0x106a ./App/App/app.o
 .debug_info    0x0000106a      0x42b ./App/Processing/fft_process.o
 .debug_info    0x00001495      0x1bf ./App/SETTING/settings.o
 .debug_info    0x00001654     0x1b35 ./Core/Src/main.o
 .debug_info    0x00003189     0x180d ./Core/Src/stm32f4xx_hal_msp.o
 .debug_info    0x00004996      0x98b ./Core/Src/stm32f4xx_it.o
 .debug_info    0x00005321      0x168 ./Core/Src/sysmem.o
 .debug_info    0x00005489      0x512 ./Core/Src/system_stm32f4xx.o
 .debug_info    0x0000599b       0x30 ./Core/Startup/startup_stm32f407vetx.o
 .debug_info    0x000059cb      0x774 ./Drivers/ADXL345/adxl345.o
 .debug_info    0x0000613f      0x31b ./Drivers/BSP/button.o
 .debug_info    0x0000645a      0x272 ./Drivers/BSP/buzzer.o
 .debug_info    0x000066cc      0x244 ./Drivers/CMSIS_DSP/Source/arm_bitreversal2.o
 .debug_info    0x00006910      0x577 ./Drivers/CMSIS_DSP/Source/arm_cfft_f32.o
 .debug_info    0x00006e87      0x20d ./Drivers/CMSIS_DSP/Source/arm_cfft_init_f32.o
 .debug_info    0x00007094      0x443 ./Drivers/CMSIS_DSP/Source/arm_cfft_radix8_f32.o
 .debug_info    0x000074d7     0x1366 ./Drivers/CMSIS_DSP/Source/arm_common_tables.o
 .debug_info    0x0000883d     0x1267 ./Drivers/CMSIS_DSP/Source/arm_const_structs.o
 .debug_info    0x00009aa4      0x46d ./Drivers/CMSIS_DSP/Source/arm_rfft_fast_f32.o
 .debug_info    0x00009f11      0x4be ./Drivers/CMSIS_DSP/Source/arm_rfft_fast_init_f32.o
 .debug_info    0x0000a3cf      0x933 ./Drivers/Flash/w25q16.o
 .debug_info    0x0000ad02      0x19a ./Drivers/Fonts/fonts.o
 .debug_info    0x0000ae9c      0x34d ./Drivers/LCD/ili9341.o
 .debug_info    0x0000b1e9      0x739 ./Drivers/LCD/lcd.o
 .debug_info    0x0000b922      0x21e ./Drivers/LCD/lcd_text.o
 .debug_info    0x0000bb40      0x607 ./Drivers/LCD/ui.o
 .debug_info    0x0000c147      0x944 ./Drivers/STM32F4xx_HAL_Driver/Src/stm32f4xx_hal.o
 .debug_info    0x0000ca8b      0xd8c ./Drivers/STM32F4xx_HAL_Driver/Src/stm32f4xx_hal_cortex.o
 .debug_info    0x0000d817      0x8e7 ./Drivers/STM32F4xx_HAL_Driver/Src/stm32f4xx_hal_dma.o
 .debug_info    0x0000e0fe      0x6c3 ./Drivers/STM32F4xx_HAL_Driver/Src/stm32f4xx_hal_gpio.o
 .debug_info    0x0000e7c1     0x2415 ./Drivers/STM32F4xx_HAL_Driver/Src/stm32f4xx_hal_i2c.o
 .debug_info    0x00010bd6      0x8c3 ./Drivers/STM32F4xx_HAL_Driver/Src/stm32f4xx_hal_rcc.o
 .debug_info    0x00011499     0x1525 ./Drivers/STM32F4xx_HAL_Driver/Src/stm32f4xx_hal_spi.o
 .debug_info    0x000129be      0xd48 ./Drivers/STM32F4xx_HAL_Driver/Src/stm32f4xx_hal_sram.o
 .debug_info    0x00013706     0x299d ./Drivers/STM32F4xx_HAL_Driver/Src/stm32f4xx_hal_tim.o
 .debug_info    0x000160a3     0x14db ./Drivers/STM32F4xx_HAL_Driver/Src/stm32f4xx_hal_tim_ex.o
 .debug_info    0x0001757e     0x2f4f ./Drivers/STM32F4xx_HAL_Driver/Src/stm32f4xx_hal_uart.o
 .debug_info    0x0001a4cd      0x9a5 ./Drivers/STM32F4xx_HAL_Driver/Src/stm32f4xx_ll_fsmc.o

.debug_abbrev   0x00000000     0x4096
 .debug_abbrev  0x00000000      0x2a5 ./App/App/app.o
 .debug_abbrev  0x000002a5      0x19b ./App/Processing/fft_process.o
 .debug_abbrev  0x00000440       0xeb ./App/SETTING/settings.o
 .debug_abbrev  0x0000052b      0x313 ./Core/Src/main.o
 .debug_abbrev  0x0000083e      0x250 ./Core/Src/stm32f4xx_hal_msp.o
 .debug_abbrev  0x00000a8e      0x19c ./Core/Src/stm32f4xx_it.o
 .debug_abbrev  0x00000c2a       0xbc ./Core/Src/sysmem.o
 .debug_abbrev  0x00000ce6      0x11a ./Core/Src/system_stm32f4xx.o
 .debug_abbrev  0x00000e00       0x24 ./Core/Startup/startup_stm32f407vetx.o
 .debug_abbrev  0x00000e24      0x1b4 ./Drivers/ADXL345/adxl345.o
 .debug_abbrev  0x00000fd8      0x166 ./Drivers/BSP/button.o
 .debug_abbrev  0x0000113e      0x166 ./Drivers/BSP/buzzer.o
 .debug_abbrev  0x000012a4       0x8d ./Drivers/CMSIS_DSP/Source/arm_bitreversal2.o
 .debug_abbrev  0x00001331      0x12b ./Drivers/CMSIS_DSP/Source/arm_cfft_f32.o
 .debug_abbrev  0x0000145c      0x106 ./Drivers/CMSIS_DSP/Source/arm_cfft_init_f32.o
 .debug_abbrev  0x00001562       0x9a ./Drivers/CMSIS_DSP/Source/arm_cfft_radix8_f32.o
 .debug_abbrev  0x000015fc       0xc2 ./Drivers/CMSIS_DSP/Source/arm_common_tables.o
 .debug_abbrev  0x000016be      0x122 ./Drivers/CMSIS_DSP/Source/arm_const_structs.o
 .debug_abbrev  0x000017e0      0x130 ./Drivers/CMSIS_DSP/Source/arm_rfft_fast_f32.o
 .debug_abbrev  0x00001910      0x1d6 ./Drivers/CMSIS_DSP/Source/arm_rfft_fast_init_f32.o
 .debug_abbrev  0x00001ae6      0x228 ./Drivers/Flash/w25q16.o
 .debug_abbrev  0x00001d0e       0xb3 ./Drivers/Fonts/fonts.o
 .debug_abbrev  0x00001dc1       0xfc ./Drivers/LCD/ili9341.o
 .debug_abbrev  0x00001ebd      0x217 ./Drivers/LCD/lcd.o
 .debug_abbrev  0x000020d4      0x107 ./Drivers/LCD/lcd_text.o
 .debug_abbrev  0x000021db      0x1cd ./Drivers/LCD/ui.o
 .debug_abbrev  0x000023a8      0x214 ./Drivers/STM32F4xx_HAL_Driver/Src/stm32f4xx_hal.o
 .debug_abbrev  0x000025bc      0x31d ./Drivers/STM32F4xx_HAL_Driver/Src/stm32f4xx_hal_cortex.o
 .debug_abbrev  0x000028d9      0x264 ./Drivers/STM32F4xx_HAL_Driver/Src/stm32f4xx_hal_dma.o
 .debug_abbrev  0x00002b3d      0x1d4 ./Drivers/STM32F4xx_HAL_Driver/Src/stm32f4xx_hal_gpio.o