../Drivers/LCD/ili9341.c:20:20:ILI9341_WriteCommand	16	static
../Drivers/LCD/ili9341.c:26:20:ILI9341_WriteData	16	static
../Drivers/LCD/ili9341.c:32:6:ILI9341_WriteColor	16	static
../Drivers/LCD/ili9341.c:42:6:ILI9341_SetAddress	24	static
../Drivers/LCD/ili9341.c:61:6:ILI9341_SetCursor	16	static
../Drivers/LCD/ili9341.c:68:6:ILI9341_DrawPixel	16	static
../Drivers/LCD/ili9341.c:74:6:ILI9341_FillScreen	16	static
../Drivers/LCD/ili9341.c:82:6:ILI9341_DrawHLine	24	static
../Drivers/LCD/ili9341.c:88:6:ILI9341_DrawVLine	24	static
../Drivers/LCD/ili9341.c:94:6:ILI9341_FillRect	24	static
../Drivers/LCD/ili9341.c:100:6:ILI9341_DrawRect	24	static
../Drivers/LCD/ili9341.c:110:6:ILI9341_Init	8	static
