../App/Processing/fft_process.c:22:6:FFT_Process_Init	8	static
../App/Processing/fft_process.c:30:6:FFT_Process_Input	16	static
../App/Processing/fft_process.c:44:9:FFT_Process_IsReady	4	static
../App/Processing/fft_process.c:52:6:FFT_Process_Run	40	static
../App/Processing/fft_process.c:118:8:FFT_Process_GetMagnitude	4	static
../App/Processing/fft_process.c:123:7:FFT_Process_GetPeakFreq	4	static
../App/Processing/fft_process.c:127:5:FFT_Process_GetPeakIndex	4	static
../App/Processing/fft_process.c:132:7:FFT_Process_GetPeakValue	4	static
