../Core/Src/main.c:101:5:_write	24	static
../Core/Src/main.c:107:6:HAL_UART_RxCpltCallback	16	static
../Core/Src/main.c:143:5:main	24	static
../Core/Src/main.c:219:6:SystemClock_Config	88	static
../Core/Src/main.c:265:13:MX_I2C1_Init	8	static
../Core/Src/main.c:299:13:MX_SPI1_Init	8	static
../Core/Src/main.c:337:13:MX_TIM3_Init	32	static
../Core/Src/main.c:382:13:MX_USART1_UART_Init	8	static
../Core/Src/main.c:415:13:MX_GPIO_Init	56	static
../Core/Src/main.c:479:13:MX_FSMC_Init	40	static
../Core/Src/main.c:532:6:HAL_TIM_PeriodElapsedCallback	16	static
../Core/Src/main.c:545:6:Error_Handler	4	static,ignoring_inline_asm
