../Core/Src/main.c:101:5:_write	1
../Core/Src/main.c:107:6:HAL_UART_RxCpltCallback	4
../Core/Src/main.c:143:5:main	3
../Core/Src/main.c:219:6:SystemClock_Config	3
../Core/Src/main.c:265:13:MX_I2C1_Init	2
../Core/Src/main.c:299:13:MX_SPI1_Init	2
../Core/Src/main.c:337:13:MX_TIM3_Init	4
../Core/Src/main.c:382:13:MX_USART1_UART_Init	2
../Core/Src/main.c:415:13:MX_GPIO_Init	1
../Core/Src/main.c:479:13:MX_FSMC_Init	2
../Core/Src/main.c:532:6:HAL_TIM_PeriodElapsedCallback	2
../Core/Src/main.c:545:6:Error_Handler	1
